Component: ARM Compiler 5.06 update 5 (build 528) Tool: armlink [4d35e2]

==============================================================================

Section Cross References

    system_stm32f1xx.o(i.SystemCoreClockUpdate) refers to system_stm32f1xx.o(.data) for .data
    system_stm32f1xx.o(i.SystemCoreClockUpdate) refers to system_stm32f1xx.o(.constdata) for .constdata
    main.o(i.Draw) refers to main.o(i.ASCIItoLCD) for ASCIItoLCD
    main.o(i.Draw) refers to lcd.o(i.LCD_DrawString) for LCD_DrawString
    main.o(i.LCD_Display) refers to lcd.o(i.delay) for delay
    main.o(i.LCD_FullDrew_8_16) refers to lcd.o(i.delay) for delay
    main.o(i.LCD_FullDrew_8_8) refers to lcd.o(i.delay) for delay
    main.o(i.MX_BUTTON_Init) refers to stm32f1xx_hal_gpio.o(i.HAL_GPIO_Init) for HAL_GPIO_Init
    main.o(i.MX_GPIO_Init) refers to stm32f1xx_hal_gpio.o(i.HAL_GPIO_Init) for HAL_GPIO_Init
    main.o(i.MX_GPIO_Init) refers to stm32f1xx_hal_gpio.o(i.HAL_GPIO_WritePin) for HAL_GPIO_WritePin
    main.o(i.MX_JOY_Init) refers to stm32f1xx_hal_gpio.o(i.HAL_GPIO_Init) for HAL_GPIO_Init
    main.o(i.MX_LED_Init) refers to stm32f1xx_hal_gpio.o(i.HAL_GPIO_Init) for HAL_GPIO_Init
    main.o(i.MX_LED_Init) refers to stm32f1xx_hal_gpio.o(i.HAL_GPIO_WritePin) for HAL_GPIO_WritePin
    main.o(i.MX_TIM1_Init) refers to stm32f1xx_hal_tim.o(i.HAL_TIM_Base_Init) for HAL_TIM_Base_Init
    main.o(i.MX_TIM1_Init) refers to stm32f1xx_hal_tim.o(i.HAL_TIM_ConfigClockSource) for HAL_TIM_ConfigClockSource
    main.o(i.MX_TIM1_Init) refers to stm32f1xx_hal_tim.o(i.HAL_TIM_SlaveConfigSynchronization) for HAL_TIM_SlaveConfigSynchronization
    main.o(i.MX_TIM1_Init) refers to stm32f1xx_hal_tim_ex.o(i.HAL_TIMEx_MasterConfigSynchronization) for HAL_TIMEx_MasterConfigSynchronization
    main.o(i.MX_TIM1_Init) refers to main.o(.bss) for .bss
    main.o(i.MX_TIM8_Init) refers to stm32f1xx_hal_tim.o(i.HAL_TIM_Base_Init) for HAL_TIM_Base_Init
    main.o(i.MX_TIM8_Init) refers to stm32f1xx_hal_tim.o(i.HAL_TIM_ConfigClockSource) for HAL_TIM_ConfigClockSource
    main.o(i.MX_TIM8_Init) refers to stm32f1xx_hal_tim.o(i.HAL_TIM_SlaveConfigSynchronization) for HAL_TIM_SlaveConfigSynchronization
    main.o(i.MX_TIM8_Init) refers to stm32f1xx_hal_tim_ex.o(i.HAL_TIMEx_MasterConfigSynchronization) for HAL_TIMEx_MasterConfigSynchronization
    main.o(i.MX_TIM8_Init) refers to main.o(.bss) for .bss
    main.o(i.SystemClock_Config) refers to stm32f1xx_hal_rcc.o(i.HAL_RCC_OscConfig) for HAL_RCC_OscConfig
    main.o(i.SystemClock_Config) refers to stm32f1xx_hal_rcc.o(i.HAL_RCC_ClockConfig) for HAL_RCC_ClockConfig
    main.o(i.SystemClock_Config) refers to stm32f1xx_hal_rcc.o(i.HAL_RCC_GetHCLKFreq) for HAL_RCC_GetHCLKFreq
    main.o(i.SystemClock_Config) refers to stm32f1xx_hal_cortex.o(i.HAL_SYSTICK_Config) for HAL_SYSTICK_Config
    main.o(i.SystemClock_Config) refers to stm32f1xx_hal_cortex.o(i.HAL_SYSTICK_CLKSourceConfig) for HAL_SYSTICK_CLKSourceConfig
    main.o(i.TIM1_UP_TIM10_IRQHandler) refers to main.o(i.clean_old) for clean_old
    main.o(i.TIM1_UP_TIM10_IRQHandler) refers to main.o(i.canPut) for canPut
    main.o(i.TIM1_UP_TIM10_IRQHandler) refers to main.o(i.new_brick) for new_brick
    main.o(i.TIM1_UP_TIM10_IRQHandler) refers to main.o(i.set_new) for set_new
    main.o(i.TIM1_UP_TIM10_IRQHandler) refers to stm32f1xx_hal_gpio.o(i.HAL_GPIO_TogglePin) for HAL_GPIO_TogglePin
    main.o(i.TIM1_UP_TIM10_IRQHandler) refers to stm32f1xx_hal_tim.o(i.HAL_TIM_IRQHandler) for HAL_TIM_IRQHandler
    main.o(i.TIM1_UP_TIM10_IRQHandler) refers to main.o(.data) for .data
    main.o(i.TIM1_UP_TIM10_IRQHandler) refers to main.o(.bss) for .bss
    main.o(i.TIM8_UP_TIM13_IRQHandler) refers to stm32f1xx_hal_tim.o(i.HAL_TIM_Base_Stop_IT) for HAL_TIM_Base_Stop_IT
    main.o(i.TIM8_UP_TIM13_IRQHandler) refers to stm32f1xx_hal_gpio.o(i.HAL_GPIO_ReadPin) for HAL_GPIO_ReadPin
    main.o(i.TIM8_UP_TIM13_IRQHandler) refers to main.o(i.clean_old) for clean_old
    main.o(i.TIM8_UP_TIM13_IRQHandler) refers to main.o(i.canPut) for canPut
    main.o(i.TIM8_UP_TIM13_IRQHandler) refers to main.o(i.new_brick) for new_brick
    main.o(i.TIM8_UP_TIM13_IRQHandler) refers to rand.o(.text) for rand
    main.o(i.TIM8_UP_TIM13_IRQHandler) refers to main.o(.bss) for .bss
    main.o(i.TIM8_UP_TIM13_IRQHandler) refers to main.o(.data) for .data
    main.o(i.TIM8_UP_TIM13_IRQHandler) refers to main.o(i.set_new) for set_new
    main.o(i.TIM8_UP_TIM13_IRQHandler) refers to stm32f1xx_hal_tim.o(i.HAL_TIM_IRQHandler) for HAL_TIM_IRQHandler
    main.o(i.TIM8_UP_TIM13_IRQHandler) refers to stm32f1xx_hal_tim.o(i.HAL_TIM_Base_Start_IT) for HAL_TIM_Base_Start_IT
    main.o(i.TIM8_UP_TIM13_IRQHandler) refers to stm32f1xx_hal_gpio.o(i.HAL_GPIO_WritePin) for HAL_GPIO_WritePin
    main.o(i.USART1_IRQHandler) refers to stm32f1xx_hal_uart.o(i.HAL_UART_Receive) for HAL_UART_Receive
    main.o(i.USART1_IRQHandler) refers to main.o(i.printffff) for printffff
[...]
    Removing stm32f1xx_hal_pwr.o(.rev16_text), (4 bytes).
    Removing stm32f1xx_hal_pwr.o(.revsh_text), (4 bytes).
    Removing stm32f1xx_hal_pwr.o(.rrx_text), (6 bytes).
    Removing stm32f1xx_hal_pwr.o(i.HAL_PWR_ConfigPVD), (124 bytes).
    Removing stm32f1xx_hal_pwr.o(i.HAL_PWR_DeInit), (24 bytes).
    Removing stm32f1xx_hal_pwr.o(i.HAL_PWR_DisableBkUpAccess), (28 bytes).
    Removing stm32f1xx_hal_pwr.o(i.HAL_PWR_DisablePVD), (24 bytes).
    Removing stm32f1xx_hal_pwr.o(i.HAL_PWR_DisableSEVOnPend), (16 bytes).
    Removing stm32f1xx_hal_pwr.o(i.HAL_PWR_DisableSleepOnExit), (16 bytes).
    Removing stm32f1xx_hal_pwr.o(i.HAL_PWR_DisableWakeUpPin), (28 bytes).
    Removing stm32f1xx_hal_pwr.o(i.HAL_PWR_EnableBkUpAccess), (24 bytes).
    Removing stm32f1xx_hal_pwr.o(i.HAL_PWR_EnablePVD), (24 bytes).
    Removing stm32f1xx_hal_pwr.o(i.HAL_PWR_EnableSEVOnPend), (16 bytes).
    Removing stm32f1xx_hal_pwr.o(i.HAL_PWR_EnableSleepOnExit), (16 bytes).
    Removing stm32f1xx_hal_pwr.o(i.HAL_PWR_EnableWakeUpPin), (28 bytes).
    Removing stm32f1xx_hal_pwr.o(i.HAL_PWR_EnterSLEEPMode), (32 bytes).
    Removing stm32f1xx_hal_pwr.o(i.HAL_PWR_EnterSTANDBYMode), (32 bytes).
    Removing stm32f1xx_hal_pwr.o(i.HAL_PWR_EnterSTOPMode), (68 bytes).
    Removing stm32f1xx_hal_pwr.o(i.HAL_PWR_PVDCallback), (2 bytes).
    Removing stm32f1xx_hal_pwr.o(i.HAL_PWR_PVD_IRQHandler), (28 bytes).
    Removing stm32f1xx_hal_pwr.o(i.PWR_OverloadWfe), (6 bytes).
    Removing stm32f1xx_hal_rcc.o(.rev16_text), (4 bytes).
    Removing stm32f1xx_hal_rcc.o(.revsh_text), (4 bytes).
    Removing stm32f1xx_hal_rcc.o(.rrx_text), (6 bytes).
    Removing stm32f1xx_hal_rcc.o(i.HAL_RCC_CSSCallback), (2 bytes).
    Removing stm32f1xx_hal_rcc.o(i.HAL_RCC_DeInit), (84 bytes).
    Removing stm32f1xx_hal_rcc.o(i.HAL_RCC_DisableCSS), (28 bytes).
    Removing stm32f1xx_hal_rcc.o(i.HAL_RCC_EnableCSS), (24 bytes).
    Removing stm32f1xx_hal_rcc.o(i.HAL_RCC_GetClockConfig), (64 bytes).
    Removing stm32f1xx_hal_rcc.o(i.HAL_RCC_GetOscConfig), (156 bytes).
    Removing stm32f1xx_hal_rcc.o(i.HAL_RCC_MCOConfig), (72 bytes).
    Removing stm32f1xx_hal_rcc.o(i.HAL_RCC_NMI_IRQHandler), (24 bytes).
    Removing stm32f1xx_hal_irda.o(.rev16_text), (4 bytes).
    Removing stm32f1xx_hal_irda.o(.revsh_text), (4 bytes).
    Removing stm32f1xx_hal_irda.o(.rrx_text), (6 bytes).
    Removing stm32f1xx_hal_irda.o(i.HAL_IRDA_DMAPause), (90 bytes).
    Removing stm32f1xx_hal_irda.o(i.HAL_IRDA_DMAResume), (104 bytes).
    Removing stm32f1xx_hal_irda.o(i.HAL_IRDA_DMAStop), (50 bytes).
    Removing stm32f1xx_hal_irda.o(i.HAL_IRDA_DeInit), (46 bytes).
    Removing stm32f1xx_hal_irda.o(i.HAL_IRDA_ErrorCallback), (2 bytes).
    Removing stm32f1xx_hal_irda.o(i.HAL_IRDA_GetError), (4 bytes).
    Removing stm32f1xx_hal_irda.o(i.HAL_IRDA_GetState), (6 bytes).
    Removing stm32f1xx_hal_irda.o(i.HAL_IRDA_IRQHandler), (258 bytes).
    Removing stm32f1xx_hal_irda.o(i.HAL_IRDA_Init), (132 bytes).
    Removing stm32f1xx_hal_irda.o(i.HAL_IRDA_MspDeInit), (2 bytes).
    Removing stm32f1xx_hal_irda.o(i.HAL_IRDA_MspInit), (2 bytes).
    Removing stm32f1xx_hal_irda.o(i.HAL_IRDA_Receive), (204 bytes).
    Removing stm32f1xx_hal_irda.o(i.HAL_IRDA_Receive_DMA), (136 bytes).
    Removing stm32f1xx_hal_irda.o(i.HAL_IRDA_Receive_IT), (106 bytes).
    Removing stm32f1xx_hal_irda.o(i.HAL_IRDA_RxCpltCallback), (2 bytes).
    Removing stm32f1xx_hal_irda.o(i.HAL_IRDA_RxHalfCpltCallback), (2 bytes).
    Removing stm32f1xx_hal_irda.o(i.HAL_IRDA_Transmit), (204 bytes).
    Removing stm32f1xx_hal_irda.o(i.HAL_IRDA_Transmit_DMA), (144 bytes).
    Removing stm32f1xx_hal_irda.o(i.HAL_IRDA_Transmit_IT), (86 bytes).
    Removing stm32f1xx_hal_irda.o(i.HAL_IRDA_TxCpltCallback), (2 bytes).
    Removing stm32f1xx_hal_irda.o(i.HAL_IRDA_TxHalfCpltCallback), (2 bytes).
    Removing stm32f1xx_hal_irda.o(i.IRDA_DMAError), (30 bytes).
    Removing stm32f1xx_hal_irda.o(i.IRDA_DMAReceiveCplt), (54 bytes).
    Removing stm32f1xx_hal_irda.o(i.IRDA_DMAReceiveHalfCplt), (10 bytes).
    Removing stm32f1xx_hal_irda.o(i.IRDA_DMATransmitCplt), (46 bytes).
    Removing stm32f1xx_hal_irda.o(i.IRDA_DMATransmitHalfCplt), (10 bytes).
    Removing stm32f1xx_hal_irda.o(i.IRDA_Receive_IT), (168 bytes).
    Removing stm32f1xx_hal_irda.o(i.IRDA_SetConfig), (360 bytes).
    Removing stm32f1xx_hal_irda.o(i.IRDA_Transmit_IT), (102 bytes).
    Removing stm32f1xx_hal_irda.o(i.IRDA_WaitOnFlagUntilTimeout), (146 bytes).
    Removing stm32f1xx_hal_adc.o(.rev16_text), (4 bytes).
    Removing stm32f1xx_hal_adc.o(.revsh_text), (4 bytes).
    Removing stm32f1xx_hal_adc.o(.rrx_text), (6 bytes).
    Removing stm32f1xx_hal_adc.o(i.ADC_DMAConvCplt), (78 bytes).
    Removing stm32f1xx_hal_adc.o(i.ADC_DMAError), (26 bytes).
    Removing stm32f1xx_hal_adc.o(i.ADC_DMAHalfConvCplt), (10 bytes).
    Removing stm32f1xx_hal_adc.o(i.HAL_ADC_AnalogWDGConfig), (88 bytes).
    Removing stm32f1xx_hal_adc.o(i.HAL_ADC_ConvCpltCallback), (2 bytes).
    Removing stm32f1xx_hal_adc.o(i.HAL_ADC_ConvHalfCpltCallback), (2 bytes).
    Removing stm32f1xx_hal_adc.o(i.HAL_ADC_DeInit), (228 bytes).
    Removing stm32f1xx_hal_adc.o(i.HAL_ADC_ErrorCallback), (2 bytes).
    Removing stm32f1xx_hal_adc.o(i.HAL_ADC_GetError), (4 bytes).
    Removing stm32f1xx_hal_adc.o(i.HAL_ADC_GetState), (4 bytes).
    Removing stm32f1xx_hal_adc.o(i.HAL_ADC_IRQHandler), (230 bytes).
    Removing stm32f1xx_hal_adc.o(i.HAL_ADC_LevelOutOfWindowCallback), (2 bytes).
    Removing stm32f1xx_hal_adc.o(i.HAL_ADC_MspDeInit), (2 bytes).
    Removing stm32f1xx_hal_adc.o(i.HAL_ADC_MspInit), (2 bytes).
    Removing stm32f1xx_hal_adc.o(i.HAL_ADC_PollForConversion), (304 bytes).
    Removing stm32f1xx_hal_adc.o(i.HAL_ADC_PollForEvent), (84 bytes).
    Removing stm32f1xx_hal_adc.o(i.HAL_ADC_Start_DMA), (268 bytes).
    Removing stm32f1xx_hal_adc.o(i.HAL_ADC_Start_IT), (204 bytes).
    Removing stm32f1xx_hal_adc.o(i.HAL_ADC_Stop_DMA), (76 bytes).
    Removing stm32f1xx_hal_adc.o(i.HAL_ADC_Stop_IT), (62 bytes).
    Removing stm32f1xx_hal_i2s.o(.rev16_text), (4 bytes).
    Removing stm32f1xx_hal_i2s.o(.revsh_text), (4 bytes).
    Removing stm32f1xx_hal_i2s.o(.rrx_text), (6 bytes).
    Removing stm32f1xx_hal_i2s.o(i.HAL_I2S_DMAPause), (66 bytes).
    Removing stm32f1xx_hal_i2s.o(i.HAL_I2S_DMAResume), (82 bytes).
    Removing stm32f1xx_hal_i2s.o(i.HAL_I2S_DMAStop), (104 bytes).
    Removing stm32f1xx_hal_i2s.o(i.HAL_I2S_DeInit), (46 bytes).
    Removing stm32f1xx_hal_i2s.o(i.HAL_I2S_ErrorCallback), (2 bytes).
    Removing stm32f1xx_hal_i2s.o(i.HAL_I2S_GetError), (4 bytes).
    Removing stm32f1xx_hal_i2s.o(i.HAL_I2S_GetState), (6 bytes).
    Removing stm32f1xx_hal_i2s.o(i.HAL_I2S_IRQHandler), (184 bytes).
    Removing stm32f1xx_hal_i2s.o(i.HAL_I2S_Init), (220 bytes).
    Removing stm32f1xx_hal_i2s.o(i.HAL_I2S_MspDeInit), (2 bytes).
    Removing stm32f1xx_hal_i2s.o(i.HAL_I2S_MspInit), (2 bytes).
    Removing stm32f1xx_hal_i2s.o(i.HAL_I2S_Receive), (190 bytes).
    Removing stm32f1xx_hal_i2s.o(i.HAL_I2S_Receive_DMA), (196 bytes).
    Removing stm32f1xx_hal_i2s.o(i.HAL_I2S_Receive_IT), (118 bytes).
    Removing stm32f1xx_hal_i2s.o(i.HAL_I2S_RxCpltCallback), (2 bytes).
    Removing stm32f1xx_hal_i2s.o(i.HAL_I2S_RxHalfCpltCallback), (2 bytes).
    Removing stm32f1xx_hal_i2s.o(i.HAL_I2S_Transmit), (238 bytes).
    Removing stm32f1xx_hal_i2s.o(i.HAL_I2S_Transmit_DMA), (180 bytes).
    Removing stm32f1xx_hal_i2s.o(i.HAL_I2S_Transmit_IT), (118 bytes).
    Removing stm32f1xx_hal_i2s.o(i.HAL_I2S_TxCpltCallback), (2 bytes).
    Removing stm32f1xx_hal_i2s.o(i.HAL_I2S_TxHalfCpltCallback), (2 bytes).
    Removing stm32f1xx_hal_i2s.o(i.I2S_DMAError), (40 bytes).
    Removing stm32f1xx_hal_i2s.o(i.I2S_DMARxCplt), (40 bytes).
    Removing stm32f1xx_hal_i2s.o(i.I2S_DMARxHalfCplt), (10 bytes).
    Removing stm32f1xx_hal_i2s.o(i.I2S_DMATxCplt), (40 bytes).
    Removing stm32f1xx_hal_i2s.o(i.I2S_DMATxHalfCplt), (10 bytes).
    Removing stm32f1xx_hal_i2s.o(i.I2S_WaitFlagStateUntilTimeout), (106 bytes).
    Removing stm32f1xx_hal_eth.o(.rev16_text), (4 bytes).
    Removing stm32f1xx_hal_eth.o(.revsh_text), (4 bytes).
    Removing stm32f1xx_hal_eth.o(.rrx_text), (6 bytes).
    Removing stm32f1xx_hal_dac_ex.o(.rev16_text), (4 bytes).
    Removing stm32f1xx_hal_dac_ex.o(.revsh_text), (4 bytes).
    Removing stm32f1xx_hal_dac_ex.o(.rrx_text), (6 bytes).
    Removing stm32f1xx_hal_dac_ex.o(i.DAC_DMAConvCpltCh2), (16 bytes).
    Removing stm32f1xx_hal_dac_ex.o(i.DAC_DMAErrorCh2), (24 bytes).
    Removing stm32f1xx_hal_dac_ex.o(i.DAC_DMAHalfConvCpltCh2), (10 bytes).
    Removing stm32f1xx_hal_dac_ex.o(i.HAL_DACEx_ConvCpltCallbackCh2), (2 bytes).
    Removing stm32f1xx_hal_dac_ex.o(i.HAL_DACEx_ConvHalfCpltCallbackCh2), (2 bytes).
    Removing stm32f1xx_hal_dac_ex.o(i.HAL_DACEx_DualGetValue), (12 bytes).
    Removing stm32f1xx_hal_dac_ex.o(i.HAL_DACEx_DualSetValue), (24 bytes).
    Removing stm32f1xx_hal_dac_ex.o(i.HAL_DACEx_ErrorCallbackCh2), (2 bytes).
    Removing stm32f1xx_hal_dac_ex.o(i.HAL_DACEx_NoiseWaveGenerate), (52 bytes).
    Removing stm32f1xx_hal_dac_ex.o(i.HAL_DACEx_TriangleWaveGenerate), (52 bytes).
    Removing stm32f1xx_hal_crc.o(.rev16_text), (4 bytes).
    Removing stm32f1xx_hal_crc.o(.revsh_text), (4 bytes).
    Removing stm32f1xx_hal_crc.o(.rrx_text), (6 bytes).
    Removing stm32f1xx_hal_crc.o(i.HAL_CRC_Accumulate), (50 bytes).
    Removing stm32f1xx_hal_crc.o(i.HAL_CRC_Calculate), (62 bytes).
    Removing stm32f1xx_hal_crc.o(i.HAL_CRC_DeInit), (38 bytes).
    Removing stm32f1xx_hal_crc.o(i.HAL_CRC_GetState), (4 bytes).
    Removing stm32f1xx_hal_crc.o(i.HAL_CRC_Init), (34 bytes).
    Removing stm32f1xx_hal_crc.o(i.HAL_CRC_MspDeInit), (2 bytes).
    Removing stm32f1xx_hal_crc.o(i.HAL_CRC_MspInit), (2 bytes).
    Removing stm32f1xx_hal_cec.o(.rev16_text), (4 bytes).
    Removing stm32f1xx_hal_cec.o(.revsh_text), (4 bytes).
    Removing stm32f1xx_hal_cec.o(.rrx_text), (6 bytes).
    Removing fdiv.o(.text), (124 bytes).
    Removing fflti.o(.text), (18 bytes).
    Removing ffixui.o(.text), (40 bytes).
    Removing fepilogue.o(.text), (110 bytes).
    Removing dadd.o(.text), (334 bytes).
    Removing dmul.o(.text), (228 bytes).
    Removing ddiv.o(.text), (222 bytes).
    Removing dfixul.o(.text), (48 bytes).
    Removing cdrcmple.o(.text), (48 bytes).
    Removing depilogue.o(.text), (186 bytes).

1234 unused section(s) (total 107391 bytes) removed from the image.

==============================================================================

Image Symbol Table

    Local Symbols

    Symbol Name                              Value     Ov Type        Size  Object(Section)

    ../../../../Drivers/BSP/Components/cs43l22/cs43l22.c 0x00000000   Number         0  cs43l22.o ABSOLUTE
    ../../../../Drivers/BSP/Components/hx8347d/hx8347d.c 0x00000000   Number         0  hx8347d.o ABSOLUTE
    ../../../../Drivers/BSP/Components/ili9320/ili9320.c 0x00000000   Number         0  ili9320.o ABSOLUTE
    ../../../../Drivers/BSP/Components/ili9325/ili9325.c 0x00000000   Number         0  ili9325.o ABSOLUTE
    ../../../../Drivers/BSP/Components/spfd5408/spfd5408.c 0x00000000   Number         0  spfd5408.o ABSOLUTE
    ../../../../Drivers/BSP/Components/st7735/st7735.c 0x00000000   Number         0  st7735.o ABSOLUTE
    ../../../../Drivers/BSP/Components/stlm75/stlm75.c 0x00000000   Number         0  stlm75.o ABSOLUTE
    ../../../../Drivers/BSP/STM3210E_EVAL/stm3210e_eval.c 0x00000000   Number         0  stm3210e_eval.o ABSOLUTE
    ../../../../Drivers/BSP/STM3210E_EVAL/stm3210e_eval_lcd.c 0x00000000   Number         0  stm3210e_eval_lcd.o ABSOLUTE
    ../../../../Drivers/BSP/STM3210E_EVAL/stm3210e_eval_nand.c 0x00000000   Number         0  stm3210e_eval_nand.o ABSOLUTE
    ../../../../Drivers/BSP/STM3210E_EVAL/stm3210e_eval_nor.c 0x00000000   Number         0  stm3210e_eval_nor.o ABSOLUTE
    ../../../../Drivers/BSP/STM3210E_EVAL/stm3210e_eval_sd.c 0x00000000   Number         0  stm3210e_eval_sd.o ABSOLUTE
    ../../../../Drivers/BSP/STM3210E_EVAL/stm3210e_eval_sram.c 0x00000000   Number         0  stm3210e_eval_sram.o ABSOLUTE
    ../../../../Drivers/BSP/STM3210E_EVAL/stm3210e_eval_tsensor.c 0x00000000   Number         0  stm3210e_eval_tsensor.o ABSOLUTE
    ../../../../Drivers/STM32F1xx_HAL_Driver/Src/stm32f1xx_hal.c 0x00000000   Number         0  stm32f1xx_hal.o ABSOLUTE
    ../../../../Drivers/STM32F1xx_HAL_Driver/Src/stm32f1xx_hal_adc.c 0x00000000   Number         0  stm32f1xx_hal_adc.o ABSOLUTE
    ../../../../Drivers/STM32F1xx_HAL_Driver/Src/stm32f1xx_hal_adc_ex.c 0x00000000   Number         0  stm32f1xx_hal_adc_ex.o ABSOLUTE
    ../../../../Drivers/STM32F1xx_HAL_Driver/Src/stm32f1xx_hal_can.c 0x00000000   Number         0  stm32f1xx_hal_can.o ABSOLUTE
    ../../../../Drivers/STM32F1xx_HAL_Driver/Src/stm32f1xx_hal_cec.c 0x00000000   Number         0  stm32f1xx_hal_cec.o ABSOLUTE
    ../../../../Drivers/STM32F1xx_HAL_Driver/Src/stm32f1xx_hal_cortex.c 0x00000000   Number         0  stm32f1xx_hal_cortex.o ABSOLUTE
    ../../../../Drivers/STM32F1xx_HAL_Driver/Src/stm32f1xx_hal_crc.c 0x00000000   Number         0  stm32f1xx_hal_crc.o ABSOLUTE
    ../../../../Drivers/STM32F1xx_HAL_Driver/Src/stm32f1xx_hal_dac.c 0x00000000   Number         0  stm32f1xx_hal_dac.o ABSOLUTE
    ../../../../Drivers/STM32F1xx_HAL_Driver/Src/stm32f1xx_hal_dac_ex.c 0x00000000   Number         0  stm32f1xx_hal_dac_ex.o ABSOLUTE
    ../../../../Drivers/STM32F1xx_HAL_Driver/Src/stm32f1xx_hal_dma.c 0x00000000   Number         0  stm32f1xx_hal_dma.o ABSOLUTE
    ../../../../Drivers/STM32F1xx_HAL_Driver/Src/stm32f1xx_hal_eth.c 0x00000000   Number         0  stm32f1xx_hal_eth.o ABSOLUTE
    ../../../../Drivers/STM32F1xx_HAL_Driver/Src/stm32f1xx_hal_flash.c 0x00000000   Number         0  stm32f1xx_hal_flash.o ABSOLUTE
    ../../../../Drivers/STM32F1xx_HAL_Driver/Src/stm32f1xx_hal_flash_ex.c 0x00000000   Number         0  stm32f1xx_hal_flash_ex.o ABSOLUTE
    ../../../../Drivers/STM32F1xx_HAL_Driver/Src/stm32f1xx_hal_gpio.c 0x00000000   Number         0  stm32f1xx_hal_gpio.o ABSOLUTE
    ../../../../Drivers/STM32F1xx_HAL_Driver/Src/stm32f1xx_hal_gpio_ex.c 0x00000000   Number         0  stm32f1xx_hal_gpio_ex.o ABSOLUTE
    ../../../../Drivers/STM32F1xx_HAL_Driver/Src/stm32f1xx_hal_hcd.c 0x00000000   Number         0  stm32f1xx_hal_hcd.o ABSOLUTE
    ../../../../Drivers/STM32F1xx_HAL_Driver/Src/stm32f1xx_hal_i2c.c 0x00000000   Number         0  stm32f1xx_hal_i2c.o ABSOLUTE
    ../../../../Drivers/STM32F1xx_HAL_Driver/Src/stm32f1xx_hal_i2s.c 0x00000000   Number         0  stm32f1xx_hal_i2s.o ABSOLUTE
    ../../../../Drivers/STM32F1xx_HAL_Driver/Src/stm32f1xx_hal_irda.c 0x00000000   Number         0  stm32f1xx_hal_irda.o ABSOLUTE
    ../../../../Drivers/STM32F1xx_HAL_Driver/Src/stm32f1xx_hal_iwdg.c 0x00000000   Number         0  stm32f1xx_hal_iwdg.o ABSOLUTE
    ../../../../Drivers/STM32F1xx_HAL_Driver/Src/stm32f1xx_hal_nand.c 0x00000000   Number         0  stm32f1xx_hal_nand.o ABSOLUTE
    ../../../../Drivers/STM32F1xx_HAL_Driver/Src/stm32f1xx_hal_nor.c 0x00000000   Number         0  stm32f1xx_hal_nor.o ABSOLUTE
    ../../../../Drivers/STM32F1xx_HAL_Driver/Src/stm32f1xx_hal_pccard.c 0x00000000   Number         0  stm32f1xx_hal_pccard.o ABSOLUTE
    ../../../../Drivers/STM32F1xx_HAL_Driver/Src/stm32f1xx_hal_pcd.c 0x00000000   Number         0  stm32f1xx_hal_pcd.o ABSOLUTE
    ../../../../Drivers/STM32F1xx_HAL_Driver/Src/stm32f1xx_hal_pcd_ex.c 0x00000000   Number         0  stm32f1xx_hal_pcd_ex.o ABSOLUTE
    ../../../../Drivers/STM32F1xx_HAL_Driver/Src/stm32f1xx_hal_pwr.c 0x00000000   Number         0  stm32f1xx_hal_pwr.o ABSOLUTE
    ../../../../Drivers/STM32F1xx_HAL_Driver/Src/stm32f1xx_hal_rcc.c 0x00000000   Number         0  stm32f1xx_hal_rcc.o ABSOLUTE
    ../../../../Drivers/STM32F1xx_HAL_Driver/Src/stm32f1xx_hal_rcc_ex.c 0x00000000   Number         0  stm32f1xx_hal_rcc_ex.o ABSOLUTE
    ../../../../Drivers/STM32F1xx_HAL_Driver/Src/stm32f1xx_hal_rtc.c 0x00000000   Number         0  stm32f1xx_hal_rtc.o ABSOLUTE
    ../../../../Drivers/STM32F1xx_HAL_Driver/Src/stm32f1xx_hal_rtc_ex.c 0x00000000   Number         0  stm32f1xx_hal_rtc_ex.o ABSOLUTE
    ../../../../Drivers/STM32F1xx_HAL_Driver/Src/stm32f1xx_hal_sd.c 0x00000000   Number         0  stm32f1xx_hal_sd.o ABSOLUTE
    ../../../../Drivers/STM32F1xx_HAL_Driver/Src/stm32f1xx_hal_smartcard.c 0x00000000   Number         0  stm32f1xx_hal_smartcard.o ABSOLUTE
    ../../../../Drivers/STM32F1xx_HAL_Driver/Src/stm32f1xx_hal_spi.c 0x00000000   Number         0  stm32f1xx_hal_spi.o ABSOLUTE
    ../../../../Drivers/STM32F1xx_HAL_Driver/Src/stm32f1xx_hal_spi_ex.c 0x00000000   Number         0  stm32f1xx_hal_spi_ex.o ABSOLUTE
    ../../../../Drivers/STM32F1xx_HAL_Driver/Src/stm32f1xx_hal_sram.c 0x00000000   Number         0  stm32f1xx_hal_sram.o ABSOLUTE
    ../../../../Drivers/STM32F1xx_HAL_Driver/Src/stm32f1xx_hal_tim.c 0x00000000   Number         0  stm32f1xx_hal_tim.o ABSOLUTE
    ../../../../Drivers/STM32F1xx_HAL_Driver/Src/stm32f1xx_hal_tim_ex.c 0x00000000   Number         0  stm32f1xx_hal_tim_ex.o ABSOLUTE
    ../../../../Drivers/STM32F1xx_HAL_Driver/Src/stm32f1xx_hal_uart.c 0x00000000   Number         0  stm32f1xx_hal_uart.o ABSOLUTE
    ../../../../Drivers/STM32F1xx_HAL_Driver/Src/stm32f1xx_hal_usart.c 0x00000000   Number         0  stm32f1xx_hal_usart.o ABSOLUTE
    ../../../../Drivers/STM32F1xx_HAL_Driver/Src/stm32f1xx_hal_wwdg.c 0x00000000   Number         0  stm32f1xx_hal_wwdg.o ABSOLUTE
    ../../../../Drivers/STM32F1xx_HAL_Driver/Src/stm32f1xx_ll_fsmc.c 0x00000000   Number         0  stm32f1xx_ll_fsmc.o ABSOLUTE
    ../../../../Drivers/STM32F1xx_HAL_Driver/Src/stm32f1xx_ll_sdmmc.c 0x00000000   Number         0  stm32f1xx_ll_sdmmc.o ABSOLUTE
    ../../../../Drivers/STM32F1xx_HAL_Driver/Src/stm32f1xx_ll_usb.c 0x00000000   Number         0  stm32f1xx_ll_usb.o ABSOLUTE
    ../Src/main.c                            0x00000000   Number         0  main.o ABSOLUTE
    ../Src/stm32f1xx_hal_msp.c               0x00000000   Number         0  stm32f1xx_hal_msp.o ABSOLUTE
    ../Src/stm32f1xx_it.c                    0x00000000   Number         0  stm32f1xx_it.o ABSOLUTE
    ../Src/system_stm32f1xx.c                0x00000000   Number         0  system_stm32f1xx.o ABSOLUTE
    ../clib/../cmprslib/lz77c.c              0x00000000   Number         0  __dclz77c.o ABSOLUTE
    ../clib/microlib/division.c              0x00000000   Number         0  uldiv.o ABSOLUTE
    ../clib/microlib/division.c              0x00000000   Number         0  uidiv.o ABSOLUTE
    ../clib/microlib/init/entry.s            0x00000000   Number         0  entry7a.o ABSOLUTE
    ../clib/microlib/init/entry.s            0x00000000   Number         0  entry11a.o ABSOLUTE
    ../clib/microlib/init/entry.s            0x00000000   Number         0  entry10b.o ABSOLUTE
    ../clib/microlib/init/entry.s            0x00000000   Number         0  entry5.o ABSOLUTE
    ../clib/microlib/init/entry.s            0x00000000   Number         0  entry11b.o ABSOLUTE
    ../clib/microlib/init/entry.s            0x00000000   Number         0  entry10a.o ABSOLUTE
    ../clib/microlib/init/entry.s            0x00000000   Number         0  entry9b.o ABSOLUTE
    ../clib/microlib/init/entry.s            0x00000000   Number         0  entry.o ABSOLUTE
    ../clib/microlib/init/entry.s            0x00000000   Number         0  entry9a.o ABSOLUTE
    ../clib/microlib/init/entry.s            0x00000000   Number         0  entry8b.o ABSOLUTE
    ../clib/microlib/init/entry.s            0x00000000   Number         0  entry8a.o ABSOLUTE
    ../clib/microlib/init/entry.s            0x00000000   Number         0  entry7b.o ABSOLUTE
    ../clib/microlib/init/entry.s            0x00000000   Number         0  entry2.o ABSOLUTE
    ../clib/microlib/longlong.c              0x00000000   Number         0  llshl.o ABSOLUTE
    ../clib/microlib/longlong.c              0x00000000   Number         0  llushr.o ABSOLUTE
    ../clib/microlib/longlong.c              0x00000000   Number         0  llsshr.o ABSOLUTE
    ../clib/microlib/printf/printf.c         0x00000000   Number         0  printf2.o ABSOLUTE
    ../clib/microlib/printf/printf.c         0x00000000   Number         0  printf1.o ABSOLUTE
    ../clib/microlib/printf/printf.c         0x00000000   Number         0  printfa.o ABSOLUTE
    ../clib/microlib/printf/printf.c         0x00000000   Number         0  printf8.o ABSOLUTE
    ../clib/microlib/printf/printf.c         0x00000000   Number         0  printf7.o ABSOLUTE
    ../clib/microlib/printf/printf.c         0x00000000   Number         0  printf6.o ABSOLUTE
    ../clib/microlib/printf/printf.c         0x00000000   Number         0  printf5.o ABSOLUTE
    ../clib/microlib/printf/printf.c         0x00000000   Number         0  printf3.o ABSOLUTE
    ../clib/microlib/printf/printf.c         0x00000000   Number         0  printfb.o ABSOLUTE
    ../clib/microlib/printf/printf.c         0x00000000   Number         0  printf4.o ABSOLUTE
    ../clib/microlib/printf/printf.c         0x00000000   Number         0  printf0.o ABSOLUTE
    ../clib/microlib/printf/stubs.s          0x00000000   Number         0  stubs.o ABSOLUTE
    ../clib/microlib/stdio/streams.c         0x00000000   Number         0  stdout.o ABSOLUTE
    ../clib/microlib/stdlib/rand.c           0x00000000   Number         0  rand.o ABSOLUTE
    ../clib/microlib/string/memcpy.c         0x00000000   Number         0  memcpyb.o ABSOLUTE
    ../clib/microlib/string/memcpy.c         0x00000000   Number         0  memcpya.o ABSOLUTE
    ../clib/microlib/string/memset.c         0x00000000   Number         0  memseta.o ABSOLUTE
    ../clib/microlib/stubs.s                 0x00000000   Number         0  iusefp.o ABSOLUTE
    ../fplib/microlib/fpadd.c                0x00000000   Number         0  dadd.o ABSOLUTE
    ../fplib/microlib/fpdiv.c                0x00000000   Number         0  fdiv.o ABSOLUTE
    ../fplib/microlib/fpdiv.c                0x00000000   Number         0  ddiv.o ABSOLUTE
    ../fplib/microlib/fpepilogue.c           0x00000000   Number         0  fepilogue.o ABSOLUTE
    ../fplib/microlib/fpepilogue.c           0x00000000   Number         0  depilogue.o ABSOLUTE
    ../fplib/microlib/fpfix.c                0x00000000   Number         0  ffixui.o ABSOLUTE
    ../fplib/microlib/fpfix.c                0x00000000   Number         0  dfixul.o ABSOLUTE
    ../fplib/microlib/fpflt.c                0x00000000   Number         0  fflti.o ABSOLUTE
    ../fplib/microlib/fpmul.c                0x00000000   Number         0  dmul.o ABSOLUTE
    ..\..\..\..\Drivers\BSP\STM3210E_EVAL\stm3210e_eval.c 0x00000000   Number         0  stm3210e_eval.o ABSOLUTE
    ..\..\..\..\Drivers\BSP\STM3210E_EVAL\stm3210e_eval_lcd.c 0x00000000   Number         0  stm3210e_eval_lcd.o ABSOLUTE
    ..\..\..\..\Drivers\BSP\STM3210E_EVAL\stm3210e_eval_nand.c 0x00000000   Number         0  stm3210e_eval_nand.o ABSOLUTE
    ..\..\..\..\Drivers\BSP\STM3210E_EVAL\stm3210e_eval_nor.c 0x00000000   Number         0  stm3210e_eval_nor.o ABSOLUTE
    ..\..\..\..\Drivers\BSP\STM3210E_EVAL\stm3210e_eval_sd.c 0x00000000   Number         0  stm3210e_eval_sd.o ABSOLUTE
    ..\..\..\..\Drivers\BSP\STM3210E_EVAL\stm3210e_eval_sram.c 0x00000000   Number         0  stm3210e_eval_sram.o ABSOLUTE
    ..\..\..\..\Drivers\BSP\STM3210E_EVAL\stm3210e_eval_tsensor.c 0x00000000   Number         0  stm3210e_eval_tsensor.o ABSOLUTE
    ..\..\..\..\Drivers\STM32F1xx_HAL_Driver\Src\stm32f1xx_hal.c 0x00000000   Number         0  stm32f1xx_hal.o ABSOLUTE
    ..\..\..\..\Drivers\STM32F1xx_HAL_Driver\Src\stm32f1xx_hal_adc.c 0x00000000   Number         0  stm32f1xx_hal_adc.o ABSOLUTE
    ..\..\..\..\Drivers\STM32F1xx_HAL_Driver\Src\stm32f1xx_hal_adc_ex.c 0x00000000   Number         0  stm32f1xx_hal_adc_ex.o ABSOLUTE
    ..\..\..\..\Drivers\STM32F1xx_HAL_Driver\Src\stm32f1xx_hal_can.c 0x00000000   Number         0  stm32f1xx_hal_can.o ABSOLUTE
    ..\..\..\..\Drivers\STM32F1xx_HAL_Driver\Src\stm32f1xx_hal_cec.c 0x00000000   Number         0  stm32f1xx_hal_cec.o ABSOLUTE
    ..\..\..\..\Drivers\STM32F1xx_HAL_Driver\Src\stm32f1xx_hal_cortex.c 0x00000000   Number         0  stm32f1xx_hal_cortex.o ABSOLUTE
    ..\..\..\..\Drivers\STM32F1xx_HAL_Driver\Src\stm32f1xx_hal_crc.c 0x00000000   Number         0  stm32f1xx_hal_crc.o ABSOLUTE
    ..\..\..\..\Drivers\STM32F1xx_HAL_Driver\Src\stm32f1xx_hal_dac.c 0x00000000   Number         0  stm32f1xx_hal_dac.o ABSOLUTE
    ..\..\..\..\Drivers\STM32F1xx_HAL_Driver\Src\stm32f1xx_hal_dac_ex.c 0x00000000   Number         0  stm32f1xx_hal_dac_ex.o ABSOLUTE
    ..\..\..\..\Drivers\STM32F1xx_HAL_Driver\Src\stm32f1xx_hal_dma.c 0x00000000   Number         0  stm32f1xx_hal_dma.o ABSOLUTE
    ..\..\..\..\Drivers\STM32F1xx_HAL_Driver\Src\stm32f1xx_hal_eth.c 0x00000000   Number         0  stm32f1xx_hal_eth.o ABSOLUTE
    ..\..\..\..\Drivers\STM32F1xx_HAL_Driver\Src\stm32f1xx_hal_flash.c 0x00000000   Number         0  stm32f1xx_hal_flash.o ABSOLUTE
    ..\..\..\..\Drivers\STM32F1xx_HAL_Driver\Src\stm32f1xx_hal_flash_ex.c 0x00000000   Number         0  stm32f1xx_hal_flash_ex.o ABSOLUTE
    ..\..\..\..\Drivers\STM32F1xx_HAL_Driver\Src\stm32f1xx_hal_gpio.c 0x00000000   Number         0  stm32f1xx_hal_gpio.o ABSOLUTE
    ..\..\..\..\Drivers\STM32F1xx_HAL_Driver\Src\stm32f1xx_hal_gpio_ex.c 0x00000000   Number         0  stm32f1xx_hal_gpio_ex.o ABSOLUTE
    ..\..\..\..\Drivers\STM32F1xx_HAL_Driver\Src\stm32f1xx_hal_hcd.c 0x00000000   Number         0  stm32f1xx_hal_hcd.o ABSOLUTE
    ..\..\..\..\Drivers\STM32F1xx_HAL_Driver\Src\stm32f1xx_hal_i2c.c 0x00000000   Number         0  stm32f1xx_hal_i2c.o ABSOLUTE
    ..\..\..\..\Drivers\STM32F1xx_HAL_Driver\Src\stm32f1xx_hal_i2s.c 0x00000000   Number         0  stm32f1xx_hal_i2s.o ABSOLUTE
    ..\..\..\..\Drivers\STM32F1xx_HAL_Driver\Src\stm32f1xx_hal_irda.c 0x00000000   Number         0  stm32f1xx_hal_irda.o ABSOLUTE
    ..\..\..\..\Drivers\STM32F1xx_HAL_Driver\Src\stm32f1xx_hal_iwdg.c 0x00000000   Number         0  stm32f1xx_hal_iwdg.o ABSOLUTE
    ..\..\..\..\Drivers\STM32F1xx_HAL_Driver\Src\stm32f1xx_hal_nand.c 0x00000000   Number         0  stm32f1xx_hal_nand.o ABSOLUTE
    ..\..\..\..\Drivers\STM32F1xx_HAL_Driver\Src\stm32f1xx_hal_nor.c 0x00000000   Number         0  stm32f1xx_hal_nor.o ABSOLUTE
    ..\..\..\..\Drivers\STM32F1xx_HAL_Driver\Src\stm32f1xx_hal_pccard.c 0x00000000   Number         0  stm32f1xx_hal_pccard.o ABSOLUTE
    ..\..\..\..\Drivers\STM32F1xx_HAL_Driver\Src\stm32f1xx_hal_pcd.c 0x00000000   Number         0  stm32f1xx_hal_pcd.o ABSOLUTE
    ..\..\..\..\Drivers\STM32F1xx_HAL_Driver\Src\stm32f1xx_hal_pcd_ex.c 0x00000000   Number         0  stm32f1xx_hal_pcd_ex.o ABSOLUTE
    ..\..\..\..\Drivers\STM32F1xx_HAL_Driver\Src\stm32f1xx_hal_pwr.c 0x00000000   Number         0  stm32f1xx_hal_pwr.o ABSOLUTE
    ..\..\..\..\Drivers\STM32F1xx_HAL_Driver\Src\stm32f1xx_hal_rcc.c 0x00000000   Number         0  stm32f1xx_hal_rcc.o ABSOLUTE
    ..\..\..\..\Drivers\STM32F1xx_HAL_Driver\Src\stm32f1xx_hal_rcc_ex.c 0x00000000   Number         0  stm32f1xx_hal_rcc_ex.o ABSOLUTE
    ..\..\..\..\Drivers\STM32F1xx_HAL_Driver\Src\stm32f1xx_hal_rtc.c 0x00000000   Number         0  stm32f1xx_hal_rtc.o ABSOLUTE
    ..\..\..\..\Drivers\STM32F1xx_HAL_Driver\Src\stm32f1xx_hal_rtc_ex.c 0x00000000   Number         0  stm32f1xx_hal_rtc_ex.o ABSOLUTE
    ..\..\..\..\Drivers\STM32F1xx_HAL_Driver\Src\stm32f1xx_hal_sd.c 0x00000000   Number         0  stm32f1xx_hal_sd.o ABSOLUTE
    ..\..\..\..\Drivers\STM32F1xx_HAL_Driver\Src\stm32f1xx_hal_smartcard.c 0x00000000   Number         0  stm32f1xx_hal_smartcard.o ABSOLUTE
    ..\..\..\..\Drivers\STM32F1xx_HAL_Driver\Src\stm32f1xx_hal_spi.c 0x00000000   Number         0  stm32f1xx_hal_spi.o ABSOLUTE
    ..\..\..\..\Drivers\STM32F1xx_HAL_Driver\Src\stm32f1xx_hal_spi_ex.c 0x00000000   Number         0  stm32f1xx_hal_spi_ex.o ABSOLUTE
    ..\..\..\..\Drivers\STM32F1xx_HAL_Driver\Src\stm32f1xx_hal_sram.c 0x00000000   Number         0  stm32f1xx_hal_sram.o ABSOLUTE
    ..\..\..\..\Drivers\STM32F1xx_HAL_Driver\Src\stm32f1xx_hal_tim.c 0x00000000   Number         0  stm32f1xx_hal_tim.o ABSOLUTE
    ..\..\..\..\Drivers\STM32F1xx_HAL_Driver\Src\stm32f1xx_hal_tim_ex.c 0x00000000   Number         0  stm32f1xx_hal_tim_ex.o ABSOLUTE
    ..\..\..\..\Drivers\STM32F1xx_HAL_Driver\Src\stm32f1xx_hal_uart.c 0x00000000   Number         0  stm32f1xx_hal_uart.o ABSOLUTE
    ..\..\..\..\Drivers\STM32F1xx_HAL_Driver\Src\stm32f1xx_hal_usart.c 0x00000000   Number         0  stm32f1xx_hal_usart.o ABSOLUTE
    ..\..\..\..\Drivers\STM32F1xx_HAL_Driver\Src\stm32f1xx_hal_wwdg.c 0x00000000   Number         0  stm32f1xx_hal_wwdg.o ABSOLUTE
    ..\..\..\..\Drivers\STM32F1xx_HAL_Driver\Src\stm32f1xx_ll_fsmc.c 0x00000000   Number         0  stm32f1xx_ll_fsmc.o ABSOLUTE
    ..\..\..\..\Drivers\STM32F1xx_HAL_Driver\Src\stm32f1xx_ll_sdmmc.c 0x00000000   Number         0  stm32f1xx_ll_sdmmc.o ABSOLUTE
    ..\..\..\..\Drivers\STM32F1xx_HAL_Driver\Src\stm32f1xx_ll_usb.c 0x00000000   Number         0  stm32f1xx_ll_usb.o ABSOLUTE
    ..\Src\lcd.c                             0x00000000   Number         0  lcd.o ABSOLUTE
    ..\Src\main.c                            0x00000000   Number         0  main.o ABSOLUTE
    ..\Src\stm32f1xx_hal_msp.c               0x00000000   Number         0  stm32f1xx_hal_msp.o ABSOLUTE
    ..\Src\stm32f1xx_it.c                    0x00000000   Number         0  stm32f1xx_it.o ABSOLUTE
    ..\Src\system_stm32f1xx.c                0x00000000   Number         0  system_stm32f1xx.o ABSOLUTE
    ..\\Src\\lcd.c                           0x00000000   Number         0  lcd.o ABSOLUTE
    cdrcmple.s                               0x00000000   Number         0  cdrcmple.o ABSOLUTE
    dc.s                                     0x00000000   Number         0  dc.o ABSOLUTE
    handlers.s                               0x00000000   Number         0  handlers.o ABSOLUTE
    init.s                                   0x00000000   Number         0  init.o ABSOLUTE
    startup_stm32f103xg.s                    0x00000000   Number         0  startup_stm32f103xg.o ABSOLUTE
    RESET                                    0x08000000   Section      304  startup_stm32f103xg.o(RESET)
    .ARM.Collect$$$$00000000                 0x08000130   Section        0  entry.o(.ARM.Collect$$$$00000000)
    .ARM.Collect$$$$00000001                 0x08000130   Section        4  entry2.o(.ARM.Collect$$$$00000001)
    .ARM.Collect$$$$00000004                 0x08000134   Section        4  entry5.o(.ARM.Collect$$$$00000004)
    .ARM.Collect$$$$00000008                 0x08000138   Section        0  entry7b.o(.ARM.Collect$$$$00000008)
    .ARM.Collect$$$$0000000A                 0x08000138   Section        0  entry8b.o(.ARM.Collect$$$$0000000A)
    .ARM.Collect$$$$0000000B                 0x08000138   Section        8  entry9a.o(.ARM.Collect$$$$0000000B)
    .ARM.Collect$$$$0000000D                 0x08000140   Section        0  entry10a.o(.ARM.Collect$$$$0000000D)
    .ARM.Collect$$$$0000000F                 0x08000140   Section        0  entry11a.o(.ARM.Collect$$$$0000000F)
    .ARM.Collect$$$$00002712                 0x08000140   Section        4  entry2.o(.ARM.Collect$$$$00002712)
    __lit__00000000                          0x08000140   Data           4  entry2.o(.ARM.Collect$$$$00002712)
    .text                                    0x08000144   Section       36  startup_stm32f103xg.o(.text)
    .text                                    0x08000168   Section        0  rand.o(.text)
    .text                                    0x0800018c   Section       36  init.o(.text)
    .text                                    0x080001b0   Section        0  __dclz77c.o(.text)
    i.ADC_ConversionStop_Disable             0x08000210   Section        0  stm32f1xx_hal_adc.o(i.ADC_ConversionStop_Disable)
    i.ADC_Enable                             0x0800025c   Section        0  stm32f1xx_hal_adc.o(i.ADC_Enable)
    i.ASCIItoLCD                             0x080002cc   Section        0  main.o(i.ASCIItoLCD)
    i.Draw                                   0x08000314   Section        0  main.o(i.Draw)
    i.FSMC_NORSRAM_Extended_Timing_Init      0x08000348   Section        0  stm32f1xx_ll_fsmc.o(i.FSMC_NORSRAM_Extended_Timing_Init)
    i.FSMC_NORSRAM_Init                      0x080003ac   Section        0  stm32f1xx_ll_fsmc.o(i.FSMC_NORSRAM_Init)
    i.FSMC_NORSRAM_Timing_Init               0x08000444   Section        0  stm32f1xx_ll_fsmc.o(i.FSMC_NORSRAM_Timing_Init)
    i.HAL_ADC_ConfigChannel                  0x080004bc   Section        0  stm32f1xx_hal_adc.o(i.HAL_ADC_ConfigChannel)
    i.HAL_ADC_GetValue                       0x08000624   Section        0  stm32f1xx_hal_adc.o(i.HAL_ADC_GetValue)
    i.HAL_ADC_Init                           0x0800062c   Section        0  stm32f1xx_hal_adc.o(i.HAL_ADC_Init)
    i.HAL_ADC_MspInit                        0x08000774   Section        0  stm32f1xx_hal_msp.o(i.HAL_ADC_MspInit)
    i.HAL_ADC_Start                          0x080007b4   Section        0  stm32f1xx_hal_adc.o(i.HAL_ADC_Start)
    i.HAL_ADC_Stop                           0x08000874   Section        0  stm32f1xx_hal_adc.o(i.HAL_ADC_Stop)
    i.HAL_Delay                              0x080008a8   Section        0  stm32f1xx_hal.o(i.HAL_Delay)
    i.HAL_GPIO_DeInit                        0x080008c0   Section        0  stm32f1xx_hal_gpio.o(i.HAL_GPIO_DeInit)
    i.HAL_GPIO_Init                          0x080009c0   Section        0  stm32f1xx_hal_gpio.o(i.HAL_GPIO_Init)
    i.HAL_GPIO_ReadPin                       0x08000ba8   Section        0  stm32f1xx_hal_gpio.o(i.HAL_GPIO_ReadPin)
    i.HAL_GPIO_TogglePin                     0x08000bb2   Section        0  stm32f1xx_hal_gpio.o(i.HAL_GPIO_TogglePin)
    i.HAL_GPIO_WritePin                      0x08000bba   Section        0  stm32f1xx_hal_gpio.o(i.HAL_GPIO_WritePin)
    i.HAL_GetTick                            0x08000bc4   Section        0  stm32f1xx_hal.o(i.HAL_GetTick)
    i.HAL_IncTick                            0x08000bd0   Section        0  stm32f1xx_hal.o(i.HAL_IncTick)
    i.HAL_Init                               0x08000be0   Section        0  stm32f1xx_hal.o(i.HAL_Init)
    i.HAL_InitTick                           0x08000c04   Section        0  stm32f1xx_hal.o(i.HAL_InitTick)
    i.HAL_MspInit                            0x08000c28   Section        0  stm32f1xx_hal_msp.o(i.HAL_MspInit)
    i.HAL_NVIC_EnableIRQ                     0x08000c60   Section        0  stm32f1xx_hal_cortex.o(i.HAL_NVIC_EnableIRQ)
    i.HAL_NVIC_SetPriority                   0x08000c7c   Section        0  stm32f1xx_hal_cortex.o(i.HAL_NVIC_SetPriority)
    i.HAL_NVIC_SetPriorityGrouping           0x08000cbc   Section        0  stm32f1xx_hal_cortex.o(i.HAL_NVIC_SetPriorityGrouping)
    i.HAL_RCC_ClockConfig                    0x08000ce0   Section        0  stm32f1xx_hal_rcc.o(i.HAL_RCC_ClockConfig)
    i.HAL_RCC_GetHCLKFreq                    0x08000e68   Section        0  stm32f1xx_hal_rcc.o(i.HAL_RCC_GetHCLKFreq)
    i.HAL_RCC_GetPCLK1Freq                   0x08000e74   Section        0  stm32f1xx_hal_rcc.o(i.HAL_RCC_GetPCLK1Freq)
    i.HAL_RCC_GetPCLK2Freq                   0x08000ea4   Section        0  stm32f1xx_hal_rcc.o(i.HAL_RCC_GetPCLK2Freq)
    i.HAL_RCC_GetSysClockFreq                0x08000ed4   Section        0  stm32f1xx_hal_rcc.o(i.HAL_RCC_GetSysClockFreq)
    i.HAL_RCC_OscConfig                      0x08000f5c   Section        0  stm32f1xx_hal_rcc.o(i.HAL_RCC_OscConfig)
    i.HAL_SRAM_Init                          0x080014da   Section        0  stm32f1xx_hal_sram.o(i.HAL_SRAM_Init)
    i.HAL_SRAM_MspInit                       0x08001530   Section        0  stm32f1xx_hal_sram.o(i.HAL_SRAM_MspInit)
    i.HAL_SYSTICK_CLKSourceConfig            0x08001532   Section        0  stm32f1xx_hal_cortex.o(i.HAL_SYSTICK_CLKSourceConfig)
    i.HAL_SYSTICK_Callback                   0x0800154a   Section        0  stm32f1xx_hal_cortex.o(i.HAL_SYSTICK_Callback)
    i.HAL_SYSTICK_Config                     0x0800154c   Section        0  stm32f1xx_hal_cortex.o(i.HAL_SYSTICK_Config)
    i.HAL_SYSTICK_IRQHandler                 0x08001574   Section        0  stm32f1xx_hal_cortex.o(i.HAL_SYSTICK_IRQHandler)
    i.HAL_TIMEx_BreakCallback                0x0800157c   Section        0  stm32f1xx_hal_tim_ex.o(i.HAL_TIMEx_BreakCallback)
    i.HAL_TIMEx_CommutationCallback          0x0800157e   Section        0  stm32f1xx_hal_tim_ex.o(i.HAL_TIMEx_CommutationCallback)
    i.HAL_TIMEx_MasterConfigSynchronization  0x08001580   Section        0  stm32f1xx_hal_tim_ex.o(i.HAL_TIMEx_MasterConfigSynchronization)
    i.HAL_TIM_Base_Init                      0x080015d0   Section        0  stm32f1xx_hal_tim.o(i.HAL_TIM_Base_Init)
    i.HAL_TIM_Base_MspInit                   0x08001608   Section        0  stm32f1xx_hal_msp.o(i.HAL_TIM_Base_MspInit)
    i.HAL_TIM_Base_Start_IT                  0x08001670   Section        0  stm32f1xx_hal_tim.o(i.HAL_TIM_Base_Start_IT)
    i.HAL_TIM_Base_Stop_IT                   0x08001688   Section        0  stm32f1xx_hal_tim.o(i.HAL_TIM_Base_Stop_IT)
    i.HAL_TIM_ConfigClockSource              0x080016b2   Section        0  stm32f1xx_hal_tim.o(i.HAL_TIM_ConfigClockSource)
    i.HAL_TIM_IC_CaptureCallback             0x080017a4   Section        0  stm32f1xx_hal_tim.o(i.HAL_TIM_IC_CaptureCallback)
    i.HAL_TIM_IRQHandler                     0x080017a6   Section        0  stm32f1xx_hal_tim.o(i.HAL_TIM_IRQHandler)
    i.HAL_TIM_OC_DelayElapsedCallback        0x0800190c   Section        0  stm32f1xx_hal_tim.o(i.HAL_TIM_OC_DelayElapsedCallback)
    i.HAL_TIM_PWM_PulseFinishedCallback      0x0800190e   Section        0  stm32f1xx_hal_tim.o(i.HAL_TIM_PWM_PulseFinishedCallback)
    i.HAL_TIM_PeriodElapsedCallback          0x08001910   Section        0  stm32f1xx_hal_tim.o(i.HAL_TIM_PeriodElapsedCallback)
    i.HAL_TIM_SlaveConfigSynchronization     0x08001912   Section        0  stm32f1xx_hal_tim.o(i.HAL_TIM_SlaveConfigSynchronization)
    i.HAL_TIM_TriggerCallback                0x08001954   Section        0  stm32f1xx_hal_tim.o(i.HAL_TIM_TriggerCallback)
    i.HAL_UART_ErrorCallback                 0x08001956   Section        0  stm32f1xx_hal_uart.o(i.HAL_UART_ErrorCallback)
    i.HAL_UART_IRQHandler                    0x08001958   Section        0  stm32f1xx_hal_uart.o(i.HAL_UART_IRQHandler)
    i.HAL_UART_Init                          0x08001a32   Section        0  stm32f1xx_hal_uart.o(i.HAL_UART_Init)
    i.HAL_UART_MspInit                       0x08001a90   Section        0  stm32f1xx_hal_msp.o(i.HAL_UART_MspInit)
    i.HAL_UART_Receive                       0x08001aec   Section        0  stm32f1xx_hal_uart.o(i.HAL_UART_Receive)
    i.HAL_UART_RxCpltCallback                0x08001bb8   Section        0  stm32f1xx_hal_uart.o(i.HAL_UART_RxCpltCallback)
    i.HAL_UART_Transmit                      0x08001bbc   Section        0  stm32f1xx_hal_uart.o(i.HAL_UART_Transmit)
    i.HAL_UART_TxCpltCallback                0x08001c88   Section        0  stm32f1xx_hal_uart.o(i.HAL_UART_TxCpltCallback)
    i.LCD_Clear                              0x08001c8a   Section        0  lcd.o(i.LCD_Clear)
    i.LCD_CtrlLinesConfig                    0x08001cd4   Section        0  lcd.o(i.LCD_CtrlLinesConfig)
    i.LCD_Display                            0x08001df4   Section        0  main.o(i.LCD_Display)
    i.LCD_DrawChar                           0x08001ee0   Section        0  lcd.o(i.LCD_DrawChar)
    i.LCD_DrawString                         0x08001f60   Section        0  lcd.o(i.LCD_DrawString)
    i.LCD_Draw_ST_Logo                       0x08001f94   Section        0  lcd.o(i.LCD_Draw_ST_Logo)
    i.LCD_FSMCConfig                         0x08001ff0   Section        0  lcd.o(i.LCD_FSMCConfig)
    i.LCD_Init                               0x08002054   Section        0  lcd.o(i.LCD_Init)
    i.MX_BUTTON_Init                         0x08002064   Section        0  main.o(i.MX_BUTTON_Init)
    MX_BUTTON_Init                           0x08002065   Thumb Code   106  main.o(i.MX_BUTTON_Init)
    i.MX_GPIO_Init                           0x080020e0   Section        0  main.o(i.MX_GPIO_Init)
    MX_GPIO_Init                             0x080020e1   Thumb Code   132  main.o(i.MX_GPIO_Init)
    i.MX_JOY_Init                            0x08002170   Section        0  main.o(i.MX_JOY_Init)
    MX_JOY_Init                              0x08002171   Thumb Code   168  main.o(i.MX_JOY_Init)
    i.MX_LED_Init                            0x08002224   Section        0  main.o(i.MX_LED_Init)
    MX_LED_Init                              0x08002225   Thumb Code   146  main.o(i.MX_LED_Init)
    i.MX_TIM1_Init                           0x080022c0   Section        0  main.o(i.MX_TIM1_Init)
    MX_TIM1_Init                             0x080022c1   Thumb Code   106  main.o(i.MX_TIM1_Init)
    i.MX_TIM8_Init                           0x0800233c   Section        0  main.o(i.MX_TIM8_Init)
    MX_TIM8_Init                             0x0800233d   Thumb Code   108  main.o(i.MX_TIM8_Init)
    i.STM3210E_LCD_Init                      0x080023b8   Section        0  lcd.o(i.STM3210E_LCD_Init)
    i.SysTick_Handler                        0x08002452   Section        0  stm32f1xx_it.o(i.SysTick_Handler)
    i.SystemClock_Config                     0x08002460   Section        0  main.o(i.SystemClock_Config)
    i.SystemInit                             0x080024b4   Section        0  system_stm32f1xx.o(i.SystemInit)
    i.TIM1_UP_TIM10_IRQHandler               0x080024fc   Section        0  main.o(i.TIM1_UP_TIM10_IRQHandler)
    i.TIM8_UP_TIM13_IRQHandler               0x080025d8   Section        0  main.o(i.TIM8_UP_TIM13_IRQHandler)
    i.TIM_Base_SetConfig                     0x08002a84   Section        0  stm32f1xx_hal_tim.o(i.TIM_Base_SetConfig)
    i.TIM_ETR_SetConfig                      0x08002b44   Section        0  stm32f1xx_hal_tim.o(i.TIM_ETR_SetConfig)
    TIM_ETR_SetConfig                        0x08002b45   Thumb Code    20  stm32f1xx_hal_tim.o(i.TIM_ETR_SetConfig)
    i.TIM_ITRx_SetConfig                     0x08002b58   Section        0  stm32f1xx_hal_tim.o(i.TIM_ITRx_SetConfig)
    TIM_ITRx_SetConfig                       0x08002b59   Thumb Code    16  stm32f1xx_hal_tim.o(i.TIM_ITRx_SetConfig)
    i.TIM_SlaveTimer_SetConfig               0x08002b68   Section        0  stm32f1xx_hal_tim.o(i.TIM_SlaveTimer_SetConfig)
    TIM_SlaveTimer_SetConfig                 0x08002b69   Thumb Code   124  stm32f1xx_hal_tim.o(i.TIM_SlaveTimer_SetConfig)
    i.TIM_TI1_ConfigInputStage               0x08002be4   Section        0  stm32f1xx_hal_tim.o(i.TIM_TI1_ConfigInputStage)
    TIM_TI1_ConfigInputStage                 0x08002be5   Thumb Code    34  stm32f1xx_hal_tim.o(i.TIM_TI1_ConfigInputStage)
    i.TIM_TI2_ConfigInputStage               0x08002c06   Section        0  stm32f1xx_hal_tim.o(i.TIM_TI2_ConfigInputStage)
    TIM_TI2_ConfigInputStage                 0x08002c07   Thumb Code    36  stm32f1xx_hal_tim.o(i.TIM_TI2_ConfigInputStage)
    i.UART_Receive_IT                        0x08002c2c   Section        0  stm32f1xx_hal_uart.o(i.UART_Receive_IT)
    UART_Receive_IT                          0x08002c2d   Thumb Code   168  stm32f1xx_hal_uart.o(i.UART_Receive_IT)
    i.UART_SetConfig                         0x08002cd4   Section        0  stm32f1xx_hal_uart.o(i.UART_SetConfig)
    UART_SetConfig                           0x08002cd5   Thumb Code   364  stm32f1xx_hal_uart.o(i.UART_SetConfig)
    i.UART_Transmit_IT                       0x08002e44   Section        0  stm32f1xx_hal_uart.o(i.UART_Transmit_IT)
    UART_Transmit_IT                         0x08002e45   Thumb Code   102  stm32f1xx_hal_uart.o(i.UART_Transmit_IT)
    i.UART_WaitOnFlagUntilTimeout            0x08002eaa   Section        0  stm32f1xx_hal_uart.o(i.UART_WaitOnFlagUntilTimeout)
    UART_WaitOnFlagUntilTimeout              0x08002eab   Thumb Code   146  stm32f1xx_hal_uart.o(i.UART_WaitOnFlagUntilTimeout)
    i.USART1_IRQHandler                      0x08002f3c   Section        0  main.o(i.USART1_IRQHandler)
    i.__0printf$2                            0x08002f9c   Section        0  printf2.o(i.__0printf$2)
    i.__NVIC_SetPriority                     0x08002fbc   Section        0  stm32f1xx_hal_cortex.o(i.__NVIC_SetPriority)
    __NVIC_SetPriority                       0x08002fbd   Thumb Code    32  stm32f1xx_hal_cortex.o(i.__NVIC_SetPriority)
    i.__scatterload_copy                     0x08002fdc   Section       14  handlers.o(i.__scatterload_copy)
    i.__scatterload_null                     0x08002fea   Section        2  handlers.o(i.__scatterload_null)
    i.__scatterload_zeroinit                 0x08002fec   Section       14  handlers.o(i.__scatterload_zeroinit)
    i._printf_core                           0x08002ffa   Section        0  printf2.o(i._printf_core)
    _printf_core                             0x08002ffb   Thumb Code   214  printf2.o(i._printf_core)
    i.canPut                                 0x080030d0   Section        0  main.o(i.canPut)
    i.clean_old                              0x08003180   Section        0  main.o(i.clean_old)
    i.delay                                  0x080031d2   Section        0  lcd.o(i.delay)
    i.fputc                                  0x080031e8   Section        0  main.o(i.fputc)
    i.main                                   0x08003200   Section        0  main.o(i.main)
    i.new_brick                              0x080032f0   Section        0  main.o(i.new_brick)
    i.power_delay                            0x080033c4   Section        0  lcd.o(i.power_delay)
    i.printffff                              0x080033dc   Section        0  main.o(i.printffff)
    i.reset_delay                            0x08003404   Section        0  lcd.o(i.reset_delay)
    i.set_new                                0x08003418   Section        0  main.o(i.set_new)
    .constdata                               0x0800348c   Section       16  system_stm32f1xx.o(.constdata)
    .constdata                               0x0800349c   Section        8  system_stm32f1xx.o(.constdata)
    .data                                    0x20000000   Section        4  system_stm32f1xx.o(.data)
    .data                                    0x20000004   Section      466  main.o(.data)
    .data                                    0x200001d6   Section     3137  lcd.o(.data)
    .data                                    0x20000e18   Section        4  stm32f1xx_hal.o(.data)
    uwTick                                   0x20000e18   Data           4  stm32f1xx_hal.o(.data)
    .data                                    0x20000e1c   Section        4  rand.o(.data)
    _rand_state                              0x20000e1c   Data           4  rand.o(.data)
    .data                                    0x20000e20   Section        4  stdout.o(.data)
    .bss                                     0x20000e24   Section      460  main.o(.bss)
    STACK                                    0x20000ff0   Section     1024  startup_stm32f103xg.o(STACK)

    Global Symbols

    Symbol Name                              Value     Ov Type        Size  Object(Section)

    BuildAttributes$$THM_ISAv4$P$D$K$B$S$PE$A:L22UL41UL21$X:L11$S22US41US21$IEEE1$IW$USESV6$~STKCKD$USESV7$~SHL$OTIME$ROPI$EBA8$MICROLIB$REQ8$PRES8$EABIv2 0x00000000   Number         0  anon$$obj.o ABSOLUTE
    __ARM_use_no_argv                        0x00000000   Number         0  main.o ABSOLUTE
    _printf_a                                0x00000000   Number         0  stubs.o ABSOLUTE
    _printf_c                                0x00000000   Number         0  stubs.o ABSOLUTE
    _printf_charcount                        0x00000000   Number         0  stubs.o ABSOLUTE
    _printf_d                                0x00000000   Number         0  stubs.o ABSOLUTE
    _printf_e                                0x00000000   Number         0  stubs.o ABSOLUTE
    _printf_f                                0x00000000   Number         0  stubs.o ABSOLUTE
    _printf_flags                            0x00000000   Number         0  stubs.o ABSOLUTE
    _printf_fp_dec                           0x00000000   Number         0  stubs.o ABSOLUTE
    _printf_fp_hex                           0x00000000   Number         0  stubs.o ABSOLUTE
    _printf_g                                0x00000000   Number         0  stubs.o ABSOLUTE
    _printf_i                                0x00000000   Number         0  stubs.o ABSOLUTE
    _printf_int_dec                          0x00000000   Number         0  stubs.o ABSOLUTE
    _printf_l                                0x00000000   Number         0  stubs.o ABSOLUTE
    _printf_lc                               0x00000000   Number         0  stubs.o ABSOLUTE
    _printf_ll                               0x00000000   Number         0  stubs.o ABSOLUTE
    _printf_lld                              0x00000000   Number         0  stubs.o ABSOLUTE
    _printf_lli                              0x00000000   Number         0  stubs.o ABSOLUTE
    _printf_llo                              0x00000000   Number         0  stubs.o ABSOLUTE
    _printf_llu                              0x00000000   Number         0  stubs.o ABSOLUTE
    _printf_llx                              0x00000000   Number         0  stubs.o ABSOLUTE
    _printf_longlong_dec                     0x00000000   Number         0  stubs.o ABSOLUTE
    _printf_longlong_hex                     0x00000000   Number         0  stubs.o ABSOLUTE
    _printf_longlong_oct                     0x00000000   Number         0  stubs.o ABSOLUTE
    _printf_ls                               0x00000000   Number         0  stubs.o ABSOLUTE
    _printf_mbtowc                           0x00000000   Number         0  stubs.o ABSOLUTE
    _printf_n                                0x00000000   Number         0  stubs.o ABSOLUTE
    _printf_o                                0x00000000   Number         0  stubs.o ABSOLUTE
    _printf_p                                0x00000000   Number         0  stubs.o ABSOLUTE
    _printf_percent                          0x00000000   Number         0  stubs.o ABSOLUTE
    _printf_pre_padding                      0x00000000   Number         0  stubs.o ABSOLUTE
    _printf_return_value                     0x00000000   Number         0  stubs.o ABSOLUTE
    _printf_s                                0x00000000   Number         0  stubs.o ABSOLUTE
    _printf_sizespec                         0x00000000   Number         0  stubs.o ABSOLUTE
    _printf_str                              0x00000000   Number         0  stubs.o ABSOLUTE
    _printf_truncate_signed                  0x00000000   Number         0  stubs.o ABSOLUTE
    _printf_truncate_unsigned                0x00000000   Number         0  stubs.o ABSOLUTE
    _printf_u                                0x00000000   Number         0  stubs.o ABSOLUTE
    _printf_wc                               0x00000000   Number         0  stubs.o ABSOLUTE
    _printf_wctomb                           0x00000000   Number         0  stubs.o ABSOLUTE
    _printf_widthprec                        0x00000000   Number         0  stubs.o ABSOLUTE
    _printf_x                                0x00000000   Number         0  stubs.o ABSOLUTE
    __cpp_initialize__aeabi_                  - Undefined Weak Reference
    __cxa_finalize                            - Undefined Weak Reference
    _clock_init                               - Undefined Weak Reference
    _microlib_exit                            - Undefined Weak Reference
    __Vectors_Size                           0x00000130   Number         0  startup_stm32f103xg.o ABSOLUTE
    __Vectors                                0x08000000   Data           4  startup_stm32f103xg.o(RESET)
    __Vectors_End                            0x08000130   Data           0  startup_stm32f103xg.o(RESET)
    __main                                   0x08000131   Thumb Code     0  entry.o(.ARM.Collect$$$$00000000)
    _main_stk                                0x08000131   Thumb Code     0  entry2.o(.ARM.Collect$$$$00000001)
    _main_scatterload                        0x08000135   Thumb Code     0  entry5.o(.ARM.Collect$$$$00000004)
    __main_after_scatterload                 0x08000139   Thumb Code     0  entry5.o(.ARM.Collect$$$$00000004)
    _main_clock                              0x08000139   Thumb Code     0  entry7b.o(.ARM.Collect$$$$00000008)
    _main_cpp_init                           0x08000139   Thumb Code     0  entry8b.o(.ARM.Collect$$$$0000000A)
    _main_init                               0x08000139   Thumb Code     0  entry9a.o(.ARM.Collect$$$$0000000B)
    __rt_final_cpp                           0x08000141   Thumb Code     0  entry10a.o(.ARM.Collect$$$$0000000D)
    __rt_final_exit                          0x08000141   Thumb Code     0  entry11a.o(.ARM.Collect$$$$0000000F)
    Reset_Handler                            0x08000145   Thumb Code     8  startup_stm32f103xg.o(.text)
    NMI_Handler                              0x0800014d   Thumb Code     2  startup_stm32f103xg.o(.text)
    HardFault_Handler                        0x0800014f   Thumb Code     2  startup_stm32f103xg.o(.text)
    MemManage_Handler                        0x08000151   Thumb Code     2  startup_stm32f103xg.o(.text)
    BusFault_Handler                         0x08000153   Thumb Code     2  startup_stm32f103xg.o(.text)
    UsageFault_Handler                       0x08000155   Thumb Code     2  startup_stm32f103xg.o(.text)
    SVC_Handler                              0x08000157   Thumb Code     2  startup_stm32f103xg.o(.text)
    DebugMon_Handler                         0x08000159   Thumb Code     2  startup_stm32f103xg.o(.text)
    PendSV_Handler                           0x0800015b   Thumb Code     2  startup_stm32f103xg.o(.text)
    ADC1_2_IRQHandler                        0x0800015f   Thumb Code     0  startup_stm32f103xg.o(.text)
    ADC3_IRQHandler                          0x0800015f   Thumb Code     0  startup_stm32f103xg.o(.text)
    CAN1_RX1_IRQHandler                      0x0800015f   Thumb Code     0  startup_stm32f103xg.o(.text)
    CAN1_SCE_IRQHandler                      0x0800015f   Thumb Code     0  startup_stm32f103xg.o(.text)
    DMA1_Channel1_IRQHandler                 0x0800015f   Thumb Code     0  startup_stm32f103xg.o(.text)
    DMA1_Channel2_IRQHandler                 0x0800015f   Thumb Code     0  startup_stm32f103xg.o(.text)
    DMA1_Channel3_IRQHandler                 0x0800015f   Thumb Code     0  startup_stm32f103xg.o(.text)
    DMA1_Channel4_IRQHandler                 0x0800015f   Thumb Code     0  startup_stm32f103xg.o(.text)
    DMA1_Channel5_IRQHandler                 0x0800015f   Thumb Code     0  startup_stm32f103xg.o(.text)
    DMA1_Channel6_IRQHandler                 0x0800015f   Thumb Code     0  startup_stm32f103xg.o(.text)
    DMA1_Channel7_IRQHandler                 0x0800015f   Thumb Code     0  startup_stm32f103xg.o(.text)
    DMA2_Channel1_IRQHandler                 0x0800015f   Thumb Code     0  startup_stm32f103xg.o(.text)
    DMA2_Channel2_IRQHandler                 0x0800015f   Thumb Code     0  startup_stm32f103xg.o(.text)
    DMA2_Channel3_IRQHandler                 0x0800015f   Thumb Code     0  startup_stm32f103xg.o(.text)
    DMA2_Channel4_5_IRQHandler               0x0800015f   Thumb Code     0  startup_stm32f103xg.o(.text)
    EXTI0_IRQHandler                         0x0800015f   Thumb Code     0  startup_stm32f103xg.o(.text)
    EXTI15_10_IRQHandler                     0x0800015f   Thumb Code     0  startup_stm32f103xg.o(.text)
    EXTI1_IRQHandler                         0x0800015f   Thumb Code     0  startup_stm32f103xg.o(.text)
    EXTI2_IRQHandler                         0x0800015f   Thumb Code     0  startup_stm32f103xg.o(.text)
    EXTI3_IRQHandler                         0x0800015f   Thumb Code     0  startup_stm32f103xg.o(.text)
    EXTI4_IRQHandler                         0x0800015f   Thumb Code     0  startup_stm32f103xg.o(.text)
    EXTI9_5_IRQHandler                       0x0800015f   Thumb Code     0  startup_stm32f103xg.o(.text)
    FLASH_IRQHandler                         0x0800015f   Thumb Code     0  startup_stm32f103xg.o(.text)
    FSMC_IRQHandler                          0x0800015f   Thumb Code     0  startup_stm32f103xg.o(.text)
    I2C1_ER_IRQHandler                       0x0800015f   Thumb Code     0  startup_stm32f103xg.o(.text)
    I2C1_EV_IRQHandler                       0x0800015f   Thumb Code     0  startup_stm32f103xg.o(.text)
    I2C2_ER_IRQHandler                       0x0800015f   Thumb Code     0  startup_stm32f103xg.o(.text)
    I2C2_EV_IRQHandler                       0x0800015f   Thumb Code     0  startup_stm32f103xg.o(.text)
    PVD_IRQHandler                           0x0800015f   Thumb Code     0  startup_stm32f103xg.o(.text)
    RCC_IRQHandler                           0x0800015f   Thumb Code     0  startup_stm32f103xg.o(.text)
    RTC_Alarm_IRQHandler                     0x0800015f   Thumb Code     0  startup_stm32f103xg.o(.text)
    RTC_IRQHandler                           0x0800015f   Thumb Code     0  startup_stm32f103xg.o(.text)
    SDIO_IRQHandler                          0x0800015f   Thumb Code     0  startup_stm32f103xg.o(.text)
    SPI1_IRQHandler                          0x0800015f   Thumb Code     0  startup_stm32f103xg.o(.text)
    SPI2_IRQHandler                          0x0800015f   Thumb Code     0  startup_stm32f103xg.o(.text)
    SPI3_IRQHandler                          0x0800015f   Thumb Code     0  startup_stm32f103xg.o(.text)
    TAMPER_IRQHandler                        0x0800015f   Thumb Code     0  startup_stm32f103xg.o(.text)
    TIM1_BRK_TIM9_IRQHandler                 0x0800015f   Thumb Code     0  startup_stm32f103xg.o(.text)
    TIM1_CC_IRQHandler                       0x0800015f   Thumb Code     0  startup_stm32f103xg.o(.text)
    TIM1_TRG_COM_TIM11_IRQHandler            0x0800015f   Thumb Code     0  startup_stm32f103xg.o(.text)
    TIM2_IRQHandler                          0x0800015f   Thumb Code     0  startup_stm32f103xg.o(.text)
    TIM3_IRQHandler                          0x0800015f   Thumb Code     0  startup_stm32f103xg.o(.text)
    TIM4_IRQHandler                          0x0800015f   Thumb Code     0  startup_stm32f103xg.o(.text)
    TIM5_IRQHandler                          0x0800015f   Thumb Code     0  startup_stm32f103xg.o(.text)
    TIM6_IRQHandler                          0x0800015f   Thumb Code     0  startup_stm32f103xg.o(.text)
    TIM7_IRQHandler                          0x0800015f   Thumb Code     0  startup_stm32f103xg.o(.text)
    TIM8_BRK_TIM12_IRQHandler                0x0800015f   Thumb Code     0  startup_stm32f103xg.o(.text)
    TIM8_CC_IRQHandler                       0x0800015f   Thumb Code     0  startup_stm32f103xg.o(.text)
    TIM8_TRG_COM_TIM14_IRQHandler            0x0800015f   Thumb Code     0  startup_stm32f103xg.o(.text)
    UART4_IRQHandler                         0x0800015f   Thumb Code     0  startup_stm32f103xg.o(.text)
    UART5_IRQHandler                         0x0800015f   Thumb Code     0  startup_stm32f103xg.o(.text)
    USART2_IRQHandler                        0x0800015f   Thumb Code     0  startup_stm32f103xg.o(.text)
    USART3_IRQHandler                        0x0800015f   Thumb Code     0  startup_stm32f103xg.o(.text)
    USBWakeUp_IRQHandler                     0x0800015f   Thumb Code     0  startup_stm32f103xg.o(.text)
    USB_HP_CAN1_TX_IRQHandler                0x0800015f   Thumb Code     0  startup_stm32f103xg.o(.text)
    USB_LP_CAN1_RX0_IRQHandler               0x0800015f   Thumb Code     0  startup_stm32f103xg.o(.text)
    WWDG_IRQHandler                          0x0800015f   Thumb Code     0  startup_stm32f103xg.o(.text)
    rand                                     0x08000169   Thumb Code    20  rand.o(.text)
    srand                                    0x0800017d   Thumb Code     6  rand.o(.text)
    __scatterload                            0x0800018d   Thumb Code    28  init.o(.text)
    __scatterload_rt2                        0x0800018d   Thumb Code     0  init.o(.text)
    __decompress                             0x080001b1   Thumb Code     0  __dclz77c.o(.text)
    __decompress2                            0x080001b1   Thumb Code    94  __dclz77c.o(.text)
    ADC_ConversionStop_Disable               0x08000211   Thumb Code    76  stm32f1xx_hal_adc.o(i.ADC_ConversionStop_Disable)
    ADC_Enable                               0x0800025d   Thumb Code   104  stm32f1xx_hal_adc.o(i.ADC_Enable)
    ASCIItoLCD                               0x080002cd   Thumb Code    72  main.o(i.ASCIItoLCD)
    Draw                                     0x08000315   Thumb Code    50  main.o(i.Draw)
    FSMC_NORSRAM_Extended_Timing_Init        0x08000349   Thumb Code    94  stm32f1xx_ll_fsmc.o(i.FSMC_NORSRAM_Extended_Timing_Init)
    FSMC_NORSRAM_Init                        0x080003ad   Thumb Code   148  stm32f1xx_ll_fsmc.o(i.FSMC_NORSRAM_Init)
    FSMC_NORSRAM_Timing_Init                 0x08000445   Thumb Code   118  stm32f1xx_ll_fsmc.o(i.FSMC_NORSRAM_Timing_Init)
    HAL_ADC_ConfigChannel                    0x080004bd   Thumb Code   346  stm32f1xx_hal_adc.o(i.HAL_ADC_ConfigChannel)
    HAL_ADC_GetValue                         0x08000625   Thumb Code     6  stm32f1xx_hal_adc.o(i.HAL_ADC_GetValue)
    HAL_ADC_Init                             0x0800062d   Thumb Code   316  stm32f1xx_hal_adc.o(i.HAL_ADC_Init)
    HAL_ADC_MspInit                          0x08000775   Thumb Code    50  stm32f1xx_hal_msp.o(i.HAL_ADC_MspInit)
    HAL_ADC_Start                            0x080007b5   Thumb Code   184  stm32f1xx_hal_adc.o(i.HAL_ADC_Start)
    HAL_ADC_Stop                             0x08000875   Thumb Code    52  stm32f1xx_hal_adc.o(i.HAL_ADC_Stop)
    HAL_Delay                                0x080008a9   Thumb Code    22  stm32f1xx_hal.o(i.HAL_Delay)
    HAL_GPIO_DeInit                          0x080008c1   Thumb Code   224  stm32f1xx_hal_gpio.o(i.HAL_GPIO_DeInit)
    HAL_GPIO_Init                            0x080009c1   Thumb Code   446  stm32f1xx_hal_gpio.o(i.HAL_GPIO_Init)
    HAL_GPIO_ReadPin                         0x08000ba9   Thumb Code    10  stm32f1xx_hal_gpio.o(i.HAL_GPIO_ReadPin)
    HAL_GPIO_TogglePin                       0x08000bb3   Thumb Code     8  stm32f1xx_hal_gpio.o(i.HAL_GPIO_TogglePin)
    HAL_GPIO_WritePin                        0x08000bbb   Thumb Code    10  stm32f1xx_hal_gpio.o(i.HAL_GPIO_WritePin)
    HAL_GetTick                              0x08000bc5   Thumb Code     6  stm32f1xx_hal.o(i.HAL_GetTick)
    HAL_IncTick                              0x08000bd1   Thumb Code    10  stm32f1xx_hal.o(i.HAL_IncTick)
    HAL_Init                                 0x08000be1   Thumb Code    32  stm32f1xx_hal.o(i.HAL_Init)
    HAL_InitTick                             0x08000c05   Thumb Code    34  stm32f1xx_hal.o(i.HAL_InitTick)
    HAL_MspInit                              0x08000c29   Thumb Code    48  stm32f1xx_hal_msp.o(i.HAL_MspInit)
    HAL_NVIC_EnableIRQ                       0x08000c61   Thumb Code    26  stm32f1xx_hal_cortex.o(i.HAL_NVIC_EnableIRQ)
    HAL_NVIC_SetPriority                     0x08000c7d   Thumb Code    60  stm32f1xx_hal_cortex.o(i.HAL_NVIC_SetPriority)
    HAL_NVIC_SetPriorityGrouping             0x08000cbd   Thumb Code    26  stm32f1xx_hal_cortex.o(i.HAL_NVIC_SetPriorityGrouping)
    HAL_RCC_ClockConfig                      0x08000ce1   Thumb Code   374  stm32f1xx_hal_rcc.o(i.HAL_RCC_ClockConfig)
    HAL_RCC_GetHCLKFreq                      0x08000e69   Thumb Code     6  stm32f1xx_hal_rcc.o(i.HAL_RCC_GetHCLKFreq)
    HAL_RCC_GetPCLK1Freq                     0x08000e75   Thumb Code    34  stm32f1xx_hal_rcc.o(i.HAL_RCC_GetPCLK1Freq)
    HAL_RCC_GetPCLK2Freq                     0x08000ea5   Thumb Code    34  stm32f1xx_hal_rcc.o(i.HAL_RCC_GetPCLK2Freq)
    HAL_RCC_GetSysClockFreq                  0x08000ed5   Thumb Code   102  stm32f1xx_hal_rcc.o(i.HAL_RCC_GetSysClockFreq)
    HAL_RCC_OscConfig                        0x08000f5d   Thumb Code  1406  stm32f1xx_hal_rcc.o(i.HAL_RCC_OscConfig)
    HAL_SRAM_Init                            0x080014db   Thumb Code    86  stm32f1xx_hal_sram.o(i.HAL_SRAM_Init)
    HAL_SRAM_MspInit                         0x08001531   Thumb Code     2  stm32f1xx_hal_sram.o(i.HAL_SRAM_MspInit)
    HAL_SYSTICK_CLKSourceConfig              0x08001533   Thumb Code    24  stm32f1xx_hal_cortex.o(i.HAL_SYSTICK_CLKSourceConfig)
    HAL_SYSTICK_Callback                     0x0800154b   Thumb Code     2  stm32f1xx_hal_cortex.o(i.HAL_SYSTICK_Callback)
    HAL_SYSTICK_Config                       0x0800154d   Thumb Code    40  stm32f1xx_hal_cortex.o(i.HAL_SYSTICK_Config)
    HAL_SYSTICK_IRQHandler                   0x08001575   Thumb Code     8  stm32f1xx_hal_cortex.o(i.HAL_SYSTICK_IRQHandler)
    HAL_TIMEx_BreakCallback                  0x0800157d   Thumb Code     2  stm32f1xx_hal_tim_ex.o(i.HAL_TIMEx_BreakCallback)
    HAL_TIMEx_CommutationCallback            0x0800157f   Thumb Code     2  stm32f1xx_hal_tim_ex.o(i.HAL_TIMEx_CommutationCallback)
    HAL_TIMEx_MasterConfigSynchronization    0x08001581   Thumb Code    80  stm32f1xx_hal_tim_ex.o(i.HAL_TIMEx_MasterConfigSynchronization)
    HAL_TIM_Base_Init                        0x080015d1   Thumb Code    54  stm32f1xx_hal_tim.o(i.HAL_TIM_Base_Init)
    HAL_TIM_Base_MspInit                     0x08001609   Thumb Code    92  stm32f1xx_hal_msp.o(i.HAL_TIM_Base_MspInit)
    HAL_TIM_Base_Start_IT                    0x08001671   Thumb Code    24  stm32f1xx_hal_tim.o(i.HAL_TIM_Base_Start_IT)
    HAL_TIM_Base_Stop_IT                     0x08001689   Thumb Code    42  stm32f1xx_hal_tim.o(i.HAL_TIM_Base_Stop_IT)
    HAL_TIM_ConfigClockSource                0x080016b3   Thumb Code   242  stm32f1xx_hal_tim.o(i.HAL_TIM_ConfigClockSource)
    HAL_TIM_IC_CaptureCallback               0x080017a5   Thumb Code     2  stm32f1xx_hal_tim.o(i.HAL_TIM_IC_CaptureCallback)
    HAL_TIM_IRQHandler                       0x080017a7   Thumb Code   358  stm32f1xx_hal_tim.o(i.HAL_TIM_IRQHandler)
    HAL_TIM_OC_DelayElapsedCallback          0x0800190d   Thumb Code     2  stm32f1xx_hal_tim.o(i.HAL_TIM_OC_DelayElapsedCallback)
    HAL_TIM_PWM_PulseFinishedCallback        0x0800190f   Thumb Code     2  stm32f1xx_hal_tim.o(i.HAL_TIM_PWM_PulseFinishedCallback)
    HAL_TIM_PeriodElapsedCallback            0x08001911   Thumb Code     2  stm32f1xx_hal_tim.o(i.HAL_TIM_PeriodElapsedCallback)
    HAL_TIM_SlaveConfigSynchronization       0x08001913   Thumb Code    66  stm32f1xx_hal_tim.o(i.HAL_TIM_SlaveConfigSynchronization)
    HAL_TIM_TriggerCallback                  0x08001955   Thumb Code     2  stm32f1xx_hal_tim.o(i.HAL_TIM_TriggerCallback)
    HAL_UART_ErrorCallback                   0x08001957   Thumb Code     2  stm32f1xx_hal_uart.o(i.HAL_UART_ErrorCallback)
    HAL_UART_IRQHandler                      0x08001959   Thumb Code   218  stm32f1xx_hal_uart.o(i.HAL_UART_IRQHandler)
    HAL_UART_Init                            0x08001a33   Thumb Code    94  stm32f1xx_hal_uart.o(i.HAL_UART_Init)
    HAL_UART_MspInit                         0x08001a91   Thumb Code    80  stm32f1xx_hal_msp.o(i.HAL_UART_MspInit)
    HAL_UART_Receive                         0x08001aed   Thumb Code   204  stm32f1xx_hal_uart.o(i.HAL_UART_Receive)
    HAL_UART_RxCpltCallback                  0x08001bb9   Thumb Code     2  stm32f1xx_hal_uart.o(i.HAL_UART_RxCpltCallback)
    HAL_UART_Transmit                        0x08001bbd   Thumb Code   204  stm32f1xx_hal_uart.o(i.HAL_UART_Transmit)
    HAL_UART_TxCpltCallback                  0x08001c89   Thumb Code     2  stm32f1xx_hal_uart.o(i.HAL_UART_TxCpltCallback)
    LCD_Clear                                0x08001c8b   Thumb Code    74  lcd.o(i.LCD_Clear)
    LCD_CtrlLinesConfig                      0x08001cd5   Thumb Code   268  lcd.o(i.LCD_CtrlLinesConfig)
    LCD_Display                              0x08001df5   Thumb Code   234  main.o(i.LCD_Display)
    LCD_DrawChar                             0x08001ee1   Thumb Code   122  lcd.o(i.LCD_DrawChar)
    LCD_DrawString                           0x08001f61   Thumb Code    50  lcd.o(i.LCD_DrawString)
    LCD_Draw_ST_Logo                         0x08001f95   Thumb Code    88  lcd.o(i.LCD_Draw_ST_Logo)
    LCD_FSMCConfig                           0x08001ff1   Thumb Code    90  lcd.o(i.LCD_FSMCConfig)
    LCD_Init                                 0x08002055   Thumb Code    14  lcd.o(i.LCD_Init)
    STM3210E_LCD_Init                        0x080023b9   Thumb Code   154  lcd.o(i.STM3210E_LCD_Init)
    SysTick_Handler                          0x08002453   Thumb Code    14  stm32f1xx_it.o(i.SysTick_Handler)
    SystemClock_Config                       0x08002461   Thumb Code    82  main.o(i.SystemClock_Config)
    SystemInit                               0x080024b5   Thumb Code    56  system_stm32f1xx.o(i.SystemInit)
    TIM1_UP_TIM10_IRQHandler                 0x080024fd   Thumb Code   208  main.o(i.TIM1_UP_TIM10_IRQHandler)
    TIM8_UP_TIM13_IRQHandler                 0x080025d9   Thumb Code  1184  main.o(i.TIM8_UP_TIM13_IRQHandler)
    TIM_Base_SetConfig                       0x08002a85   Thumb Code   148  stm32f1xx_hal_tim.o(i.TIM_Base_SetConfig)
    USART1_IRQHandler                        0x08002f3d   Thumb Code    88  main.o(i.USART1_IRQHandler)
    __0printf$2                              0x08002f9d   Thumb Code    22  printf2.o(i.__0printf$2)
    __1printf$2                              0x08002f9d   Thumb Code     0  printf2.o(i.__0printf$2)
    __2printf                                0x08002f9d   Thumb Code     0  printf2.o(i.__0printf$2)
    __scatterload_copy                       0x08002fdd   Thumb Code    14  handlers.o(i.__scatterload_copy)
    __scatterload_null                       0x08002feb   Thumb Code     2  handlers.o(i.__scatterload_null)
    __scatterload_zeroinit                   0x08002fed   Thumb Code    14  handlers.o(i.__scatterload_zeroinit)
    canPut                                   0x080030d1   Thumb Code   176  main.o(i.canPut)
    clean_old                                0x08003181   Thumb Code    82  main.o(i.clean_old)
    delay                                    0x080031d3   Thumb Code    22  lcd.o(i.delay)
    fputc                                    0x080031e9   Thumb Code    20  main.o(i.fputc)
    main                                     0x08003201   Thumb Code   220  main.o(i.main)
    new_brick                                0x080032f1   Thumb Code   202  main.o(i.new_brick)
    power_delay                              0x080033c5   Thumb Code    18  lcd.o(i.power_delay)
    printffff                                0x080033dd   Thumb Code    30  main.o(i.printffff)
    reset_delay                              0x08003405   Thumb Code    18  lcd.o(i.reset_delay)
    set_new                                  0x08003419   Thumb Code   112  main.o(i.set_new)
    AHBPrescTable                            0x0800348c   Data          16  system_stm32f1xx.o(.constdata)
    APBPrescTable                            0x0800349c   Data           8  system_stm32f1xx.o(.constdata)
    Region$$Table$$Base                      0x080034a4   Number         0  anon$$obj.o(Region$$Table)
    Region$$Table$$Limit                     0x080034c4   Number         0  anon$$obj.o(Region$$Table)
    SystemCoreClock                          0x20000000   Data           4  system_stm32f1xx.o(.data)
    specialNum                               0x20000004   Data           1  main.o(.data)
    UARTCount                                0x20000005   Data           1  main.o(.data)
    save_type                                0x20000006   Data           1  main.o(.data)
    delay_flag                               0x20000007   Data           1  main.o(.data)
    temp_type                                0x20000008   Data           1  main.o(.data)
    save_f                                   0x20000009   Data           1  main.o(.data)
    tamperButton                             0x2000000a   Data           1  main.o(.data)
    keyButton                                0x2000000b   Data           1  main.o(.data)
    wakeupButton                             0x2000000c   Data           1  main.o(.data)
    R_button                                 0x2000000d   Data           1  main.o(.data)
    L_button                                 0x2000000e   Data           1  main.o(.data)
    U_button                                 0x2000000f   Data           1  main.o(.data)
    SAVE_button                              0x20000010   Data           1  main.o(.data)
    PUT_button                               0x20000011   Data           1  main.o(.data)
    type                                     0x20000012   Data           1  main.o(.data)
    angle                                    0x20000013   Data           1  main.o(.data)
    x                                        0x20000014   Data           1  main.o(.data)
    y                                        0x20000015   Data           1  main.o(.data)
    brick                                    0x20000016   Data         448  main.o(.data)
    x_p                                      0x200001d6   Data           1  lcd.o(.data)
    ChineseTable                             0x200001d7   Data        2112  lcd.o(.data)
    DispSTLoGoTable                          0x20000a17   Data        1024  lcd.o(.data)
    __stdout                                 0x20000e20   Data           4  stdout.o(.data)
    screen                                   0x20000e24   Data         128  main.o(.bss)
    htim1                                    0x20000ea4   Data          60  main.o(.bss)
    htim8                                    0x20000ee0   Data          60  main.o(.bss)
    huart1                                   0x20000f1c   Data          64  main.o(.bss)
    hadc1                                    0x20000f5c   Data          48  main.o(.bss)
    UARTBuffer                               0x20000f8c   Data         100  main.o(.bss)
    __initial_sp                             0x200013f0   Data           0  startup_stm32f103xg.o(STACK)



==============================================================================

Memory Map of the image

  Image Entry point : 0x08000131

  Load Region LR_IROM1 (Base: 0x08000000, Size: 0x000042e8, Max: 0x00100000, ABSOLUTE, COMPRESSED[0x0000391c])

    Execution Region ER_IROM1 (Exec base: 0x08000000, Load base: 0x08000000, Size: 0x000034c4, Max: 0x00100000, ABSOLUTE)

    Exec Addr    Load Addr    Size         Type   Attr      Idx    E Section Name        Object

    0x08000000   0x08000000   0x00000130   Data   RO         1492    RESET               startup_stm32f103xg.o
    0x08000130   0x08000130   0x00000000   Code   RO         7977  * .ARM.Collect$$$$00000000  mc_w.l(entry.o)
    0x08000130   0x08000130   0x00000004   Code   RO         8258    .ARM.Collect$$$$00000001  mc_w.l(entry2.o)
    0x08000134   0x08000134   0x00000004   Code   RO         8261    .ARM.Collect$$$$00000004  mc_w.l(entry5.o)
    0x08000138   0x08000138   0x00000000   Code   RO         8263    .ARM.Collect$$$$00000008  mc_w.l(entry7b.o)
    0x08000138   0x08000138   0x00000000   Code   RO         8265    .ARM.Collect$$$$0000000A  mc_w.l(entry8b.o)
    0x08000138   0x08000138   0x00000008   Code   RO         8266    .ARM.Collect$$$$0000000B  mc_w.l(entry9a.o)
    0x08000140   0x08000140   0x00000000   Code   RO         8268    .ARM.Collect$$$$0000000D  mc_w.l(entry10a.o)
    0x08000140   0x08000140   0x00000000   Code   RO         8270    .ARM.Collect$$$$0000000F  mc_w.l(entry11a.o)
    0x08000140   0x08000140   0x00000004   Code   RO         8259    .ARM.Collect$$$$00002712  mc_w.l(entry2.o)
    0x08000144   0x08000144   0x00000024   Code   RO         1493    .text               startup_stm32f103xg.o
    0x08000168   0x08000168   0x00000024   Code   RO         7982    .text               mc_w.l(rand.o)
    0x0800018c   0x0800018c   0x00000024   Code   RO         8290    .text               mc_w.l(init.o)
    0x080001b0   0x080001b0   0x0000005e   Code   RO         8306    .text               mc_w.l(__dclz77c.o)
    0x0800020e   0x0800020e   0x00000002   PAD
    0x08000210   0x08000210   0x0000004c   Code   RO         7452    i.ADC_ConversionStop_Disable  stm32f1xx_hal_adc.o
    0x0800025c   0x0800025c   0x00000070   Code   RO         7456    i.ADC_Enable        stm32f1xx_hal_adc.o
    0x080002cc   0x080002cc   0x00000048   Code   RO          209    i.ASCIItoLCD        main.o
    0x08000314   0x08000314   0x00000032   Code   RO          210    i.Draw              main.o
    0x08000346   0x08000346   0x00000002   PAD
    0x08000348   0x08000348   0x00000064   Code   RO         6326    i.FSMC_NORSRAM_Extended_Timing_Init  stm32f1xx_ll_fsmc.o
    0x080003ac   0x080003ac   0x00000098   Code   RO         6327    i.FSMC_NORSRAM_Init  stm32f1xx_ll_fsmc.o
    0x08000444   0x08000444   0x00000076   Code   RO         6328    i.FSMC_NORSRAM_Timing_Init  stm32f1xx_ll_fsmc.o
    0x080004ba   0x080004ba   0x00000002   PAD
    0x080004bc   0x080004bc   0x00000168   Code   RO         7458    i.HAL_ADC_ConfigChannel  stm32f1xx_hal_adc.o
    0x08000624   0x08000624   0x00000006   Code   RO         7465    i.HAL_ADC_GetValue  stm32f1xx_hal_adc.o
    0x0800062a   0x0800062a   0x00000002   PAD
    0x0800062c   0x0800062c   0x00000148   Code   RO         7467    i.HAL_ADC_Init      stm32f1xx_hal_adc.o
    0x08000774   0x08000774   0x00000040   Code   RO          386    i.HAL_ADC_MspInit   stm32f1xx_hal_msp.o
    0x080007b4   0x080007b4   0x000000c0   Code   RO         7473    i.HAL_ADC_Start     stm32f1xx_hal_adc.o
    0x08000874   0x08000874   0x00000034   Code   RO         7476    i.HAL_ADC_Stop      stm32f1xx_hal_adc.o
    0x080008a8   0x080008a8   0x00000016   Code   RO         6909    i.HAL_Delay         stm32f1xx_hal.o
    0x080008be   0x080008be   0x00000002   PAD
    0x080008c0   0x080008c0   0x00000100   Code   RO         4441    i.HAL_GPIO_DeInit   stm32f1xx_hal_gpio.o
    0x080009c0   0x080009c0   0x000001e8   Code   RO         4444    i.HAL_GPIO_Init     stm32f1xx_hal_gpio.o
    0x08000ba8   0x08000ba8   0x0000000a   Code   RO         4446    i.HAL_GPIO_ReadPin  stm32f1xx_hal_gpio.o
    0x08000bb2   0x08000bb2   0x00000008   Code   RO         4447    i.HAL_GPIO_TogglePin  stm32f1xx_hal_gpio.o
    0x08000bba   0x08000bba   0x0000000a   Code   RO         4448    i.HAL_GPIO_WritePin  stm32f1xx_hal_gpio.o
    0x08000bc4   0x08000bc4   0x0000000c   Code   RO         6913    i.HAL_GetTick       stm32f1xx_hal.o
    0x08000bd0   0x08000bd0   0x00000010   Code   RO         6914    i.HAL_IncTick       stm32f1xx_hal.o
    0x08000be0   0x08000be0   0x00000024   Code   RO         6915    i.HAL_Init          stm32f1xx_hal.o
    0x08000c04   0x08000c04   0x00000022   Code   RO         6916    i.HAL_InitTick      stm32f1xx_hal.o
    0x08000c26   0x08000c26   0x00000002   PAD
    0x08000c28   0x08000c28   0x00000038   Code   RO          387    i.HAL_MspInit       stm32f1xx_hal_msp.o
    0x08000c60   0x08000c60   0x0000001a   Code   RO         6480    i.HAL_NVIC_EnableIRQ  stm32f1xx_hal_cortex.o
    0x08000c7a   0x08000c7a   0x00000002   PAD
    0x08000c7c   0x08000c7c   0x00000040   Code   RO         6486    i.HAL_NVIC_SetPriority  stm32f1xx_hal_cortex.o
    0x08000cbc   0x08000cbc   0x00000024   Code   RO         6487    i.HAL_NVIC_SetPriorityGrouping  stm32f1xx_hal_cortex.o
    0x08000ce0   0x08000ce0   0x00000188   Code   RO         7162    i.HAL_RCC_ClockConfig  stm32f1xx_hal_rcc.o
    0x08000e68   0x08000e68   0x0000000c   Code   RO         7167    i.HAL_RCC_GetHCLKFreq  stm32f1xx_hal_rcc.o
    0x08000e74   0x08000e74   0x00000030   Code   RO         7169    i.HAL_RCC_GetPCLK1Freq  stm32f1xx_hal_rcc.o
    0x08000ea4   0x08000ea4   0x00000030   Code   RO         7170    i.HAL_RCC_GetPCLK2Freq  stm32f1xx_hal_rcc.o
    0x08000ed4   0x08000ed4   0x00000088   Code   RO         7171    i.HAL_RCC_GetSysClockFreq  stm32f1xx_hal_rcc.o
    0x08000f5c   0x08000f5c   0x0000057e   Code   RO         7174    i.HAL_RCC_OscConfig  stm32f1xx_hal_rcc.o
    0x080014da   0x080014da   0x00000056   Code   RO         4983    i.HAL_SRAM_Init     stm32f1xx_hal_sram.o
    0x08001530   0x08001530   0x00000002   Code   RO         4985    i.HAL_SRAM_MspInit  stm32f1xx_hal_sram.o
    0x08001532   0x08001532   0x00000018   Code   RO         6489    i.HAL_SYSTICK_CLKSourceConfig  stm32f1xx_hal_cortex.o
    0x0800154a   0x0800154a   0x00000002   Code   RO         6490    i.HAL_SYSTICK_Callback  stm32f1xx_hal_cortex.o
    0x0800154c   0x0800154c   0x00000028   Code   RO         6491    i.HAL_SYSTICK_Config  stm32f1xx_hal_cortex.o
    0x08001574   0x08001574   0x00000008   Code   RO         6492    i.HAL_SYSTICK_IRQHandler  stm32f1xx_hal_cortex.o
    0x0800157c   0x0800157c   0x00000002   Code   RO         3455    i.HAL_TIMEx_BreakCallback  stm32f1xx_hal_tim_ex.o
    0x0800157e   0x0800157e   0x00000002   Code   RO         3456    i.HAL_TIMEx_CommutationCallback  stm32f1xx_hal_tim_ex.o
    0x08001580   0x08001580   0x00000050   Code   RO         3472    i.HAL_TIMEx_MasterConfigSynchronization  stm32f1xx_hal_tim_ex.o
    0x080015d0   0x080015d0   0x00000036   Code   RO         5471    i.HAL_TIM_Base_Init  stm32f1xx_hal_tim.o
    0x08001606   0x08001606   0x00000002   PAD
    0x08001608   0x08001608   0x00000068   Code   RO          389    i.HAL_TIM_Base_MspInit  stm32f1xx_hal_msp.o
    0x08001670   0x08001670   0x00000018   Code   RO         5476    i.HAL_TIM_Base_Start_IT  stm32f1xx_hal_tim.o
    0x08001688   0x08001688   0x0000002a   Code   RO         5479    i.HAL_TIM_Base_Stop_IT  stm32f1xx_hal_tim.o
    0x080016b2   0x080016b2   0x000000f2   Code   RO         5480    i.HAL_TIM_ConfigClockSource  stm32f1xx_hal_tim.o
    0x080017a4   0x080017a4   0x00000002   Code   RO         5500    i.HAL_TIM_IC_CaptureCallback  stm32f1xx_hal_tim.o
    0x080017a6   0x080017a6   0x00000166   Code   RO         5513    i.HAL_TIM_IRQHandler  stm32f1xx_hal_tim.o
    0x0800190c   0x0800190c   0x00000002   Code   RO         5516    i.HAL_TIM_OC_DelayElapsedCallback  stm32f1xx_hal_tim.o
    0x0800190e   0x0800190e   0x00000002   Code   RO         5543    i.HAL_TIM_PWM_PulseFinishedCallback  stm32f1xx_hal_tim.o
    0x08001910   0x08001910   0x00000002   Code   RO         5550    i.HAL_TIM_PeriodElapsedCallback  stm32f1xx_hal_tim.o
    0x08001912   0x08001912   0x00000042   Code   RO         5552    i.HAL_TIM_SlaveConfigSynchronization  stm32f1xx_hal_tim.o
    0x08001954   0x08001954   0x00000002   Code   RO         5554    i.HAL_TIM_TriggerCallback  stm32f1xx_hal_tim.o
    0x08001956   0x08001956   0x00000002   Code   RO         2774    i.HAL_UART_ErrorCallback  stm32f1xx_hal_uart.o
    0x08001958   0x08001958   0x000000da   Code   RO         2777    i.HAL_UART_IRQHandler  stm32f1xx_hal_uart.o
    0x08001a32   0x08001a32   0x0000005e   Code   RO         2778    i.HAL_UART_Init     stm32f1xx_hal_uart.o
    0x08001a90   0x08001a90   0x0000005c   Code   RO          391    i.HAL_UART_MspInit  stm32f1xx_hal_msp.o
    0x08001aec   0x08001aec   0x000000cc   Code   RO         2781    i.HAL_UART_Receive  stm32f1xx_hal_uart.o
    0x08001bb8   0x08001bb8   0x00000002   Code   RO         2784    i.HAL_UART_RxCpltCallback  stm32f1xx_hal_uart.o
    0x08001bba   0x08001bba   0x00000002   PAD
    0x08001bbc   0x08001bbc   0x000000cc   Code   RO         2786    i.HAL_UART_Transmit  stm32f1xx_hal_uart.o
    0x08001c88   0x08001c88   0x00000002   Code   RO         2789    i.HAL_UART_TxCpltCallback  stm32f1xx_hal_uart.o
    0x08001c8a   0x08001c8a   0x0000004a   Code   RO          473    i.LCD_Clear         lcd.o
    0x08001cd4   0x08001cd4   0x00000120   Code   RO          475    i.LCD_CtrlLinesConfig  lcd.o
    0x08001df4   0x08001df4   0x000000ea   Code   RO          211    i.LCD_Display       main.o
    0x08001ede   0x08001ede   0x00000002   PAD
    0x08001ee0   0x08001ee0   0x00000080   Code   RO          478    i.LCD_DrawChar      lcd.o
    0x08001f60   0x08001f60   0x00000032   Code   RO          479    i.LCD_DrawString    lcd.o
    0x08001f92   0x08001f92   0x00000002   PAD
    0x08001f94   0x08001f94   0x0000005c   Code   RO          480    i.LCD_Draw_ST_Logo  lcd.o
    0x08001ff0   0x08001ff0   0x00000064   Code   RO          481    i.LCD_FSMCConfig    lcd.o
    0x08002054   0x08002054   0x0000000e   Code   RO          482    i.LCD_Init          lcd.o
    0x08002062   0x08002062   0x00000002   PAD
    0x08002064   0x08002064   0x0000007c   Code   RO          214    i.MX_BUTTON_Init    main.o
    0x080020e0   0x080020e0   0x00000090   Code   RO          215    i.MX_GPIO_Init      main.o
    0x08002170   0x08002170   0x000000b4   Code   RO          216    i.MX_JOY_Init       main.o
    0x08002224   0x08002224   0x0000009c   Code   RO          217    i.MX_LED_Init       main.o
    0x080022c0   0x080022c0   0x0000007c   Code   RO          218    i.MX_TIM1_Init      main.o
    0x0800233c   0x0800233c   0x0000007c   Code   RO          219    i.MX_TIM8_Init      main.o
    0x080023b8   0x080023b8   0x0000009a   Code   RO          486    i.STM3210E_LCD_Init  lcd.o
    0x08002452   0x08002452   0x0000000e   Code   RO          445    i.SysTick_Handler   stm32f1xx_it.o
    0x08002460   0x08002460   0x00000052   Code   RO          220    i.SystemClock_Config  main.o
    0x080024b2   0x080024b2   0x00000002   PAD
    0x080024b4   0x080024b4   0x00000048   Code   RO            5    i.SystemInit        system_stm32f1xx.o
    0x080024fc   0x080024fc   0x000000dc   Code   RO          221    i.TIM1_UP_TIM10_IRQHandler  main.o
    0x080025d8   0x080025d8   0x000004ac   Code   RO          222    i.TIM8_UP_TIM13_IRQHandler  main.o
    0x08002a84   0x08002a84   0x000000c0   Code   RO         5555    i.TIM_Base_SetConfig  stm32f1xx_hal_tim.o
    0x08002b44   0x08002b44   0x00000014   Code   RO         5562    i.TIM_ETR_SetConfig  stm32f1xx_hal_tim.o
    0x08002b58   0x08002b58   0x00000010   Code   RO         5563    i.TIM_ITRx_SetConfig  stm32f1xx_hal_tim.o
    0x08002b68   0x08002b68   0x0000007c   Code   RO         5568    i.TIM_SlaveTimer_SetConfig  stm32f1xx_hal_tim.o
    0x08002be4   0x08002be4   0x00000022   Code   RO         5569    i.TIM_TI1_ConfigInputStage  stm32f1xx_hal_tim.o
    0x08002c06   0x08002c06   0x00000024   Code   RO         5571    i.TIM_TI2_ConfigInputStage  stm32f1xx_hal_tim.o
    0x08002c2a   0x08002c2a   0x00000002   PAD
    0x08002c2c   0x08002c2c   0x000000a8   Code   RO         2796    i.UART_Receive_IT   stm32f1xx_hal_uart.o
    0x08002cd4   0x08002cd4   0x00000170   Code   RO         2797    i.UART_SetConfig    stm32f1xx_hal_uart.o
    0x08002e44   0x08002e44   0x00000066   Code   RO         2798    i.UART_Transmit_IT  stm32f1xx_hal_uart.o
    0x08002eaa   0x08002eaa   0x00000092   Code   RO         2799    i.UART_WaitOnFlagUntilTimeout  stm32f1xx_hal_uart.o
    0x08002f3c   0x08002f3c   0x00000060   Code   RO          223    i.USART1_IRQHandler  main.o
    0x08002f9c   0x08002f9c   0x00000020   Code   RO         8058    i.__0printf$2       mc_w.l(printf2.o)
    0x08002fbc   0x08002fbc   0x00000020   Code   RO         6493    i.__NVIC_SetPriority  stm32f1xx_hal_cortex.o
    0x08002fdc   0x08002fdc   0x0000000e   Code   RO         8300    i.__scatterload_copy  mc_w.l(handlers.o)
    0x08002fea   0x08002fea   0x00000002   Code   RO         8301    i.__scatterload_null  mc_w.l(handlers.o)
    0x08002fec   0x08002fec   0x0000000e   Code   RO         8302    i.__scatterload_zeroinit  mc_w.l(handlers.o)
    0x08002ffa   0x08002ffa   0x000000d6   Code   RO         8065    i._printf_core      mc_w.l(printf2.o)
    0x080030d0   0x080030d0   0x000000b0   Code   RO          224    i.canPut            main.o
    0x08003180   0x08003180   0x00000052   Code   RO          225    i.clean_old         main.o
    0x080031d2   0x080031d2   0x00000016   Code   RO          487    i.delay             lcd.o
    0x080031e8   0x080031e8   0x00000018   Code   RO          226    i.fputc             main.o
    0x08003200   0x08003200   0x000000f0   Code   RO          227    i.main              main.o
    0x080032f0   0x080032f0   0x000000d4   Code   RO          228    i.new_brick         main.o
    0x080033c4   0x080033c4   0x00000018   Code   RO          488    i.power_delay       lcd.o
    0x080033dc   0x080033dc   0x00000028   Code   RO          229    i.printffff         main.o
    0x08003404   0x08003404   0x00000012   Code   RO          489    i.reset_delay       lcd.o
    0x08003416   0x08003416   0x00000002   PAD
    0x08003418   0x08003418   0x00000074   Code   RO          230    i.set_new           main.o
    0x0800348c   0x0800348c   0x00000010   Data   RO            6    .constdata          system_stm32f1xx.o
    0x0800349c   0x0800349c   0x00000008   Data   RO            7    .constdata          system_stm32f1xx.o
    0x080034a4   0x080034a4   0x00000020   Data   RO         8298    Region$$Table       anon$$obj.o


    Execution Region RW_IRAM1 (Exec base: 0x20000000, Load base: 0x080034c4, Size: 0x000013f0, Max: 0x00018000, ABSOLUTE, COMPRESSED[0x00000458])

    Exec Addr    Load Addr    Size         Type   Attr      Idx    E Section Name        Object

    0x20000000   COMPRESSED   0x00000004   Data   RW            8    .data               system_stm32f1xx.o
    0x20000004   COMPRESSED   0x000001d2   Data   RW          234    .data               main.o
    0x200001d6   COMPRESSED   0x00000c41   Data   RW          490    .data               lcd.o
    0x20000e17   COMPRESSED   0x00000001   PAD
    0x20000e18   COMPRESSED   0x00000004   Data   RW         6921    .data               stm32f1xx_hal.o
    0x20000e1c   COMPRESSED   0x00000004   Data   RW         7983    .data               mc_w.l(rand.o)
    0x20000e20   COMPRESSED   0x00000004   Data   RW         8272    .data               mc_w.l(stdout.o)
    0x20000e24        -       0x000001cc   Zero   RW          232    .bss                main.o
    0x20000ff0        -       0x00000400   Zero   RW         1490    STACK               startup_stm32f103xg.o


==============================================================================

Image component sizes


      Code (inc. data)   RO Data    RW Data    ZI Data      Debug   Object Name

       964         46          0       3137          0       7516   lcd.o
      3692        188          0        466        460      16920   main.o
        36          8        304          0       1024        796   startup_stm32f103xg.o
       120         16          0          4          0       3910   stm32f1xx_hal.o
      1126         42          0          0          0       6551   stm32f1xx_hal_adc.o
       232         14          0          0          0      32405   stm32f1xx_hal_cortex.o
       772         74          0          0          0       5506   stm32f1xx_hal_gpio.o
       316         46          0          0          0       2918   stm32f1xx_hal_msp.o
      2042         98          0          0          0       6136   stm32f1xx_hal_rcc.o
        88          0          0          0          0       1839   stm32f1xx_hal_sram.o
      1218         52          0          0          0      12951   stm32f1xx_hal_tim.o
        84          0          0          0          0       2502   stm32f1xx_hal_tim_ex.o
      1510          4          0          0          0       9566   stm32f1xx_hal_uart.o
        14          0          0          0          0        490   stm32f1xx_it.o
       370         10          0          0          0       3951   stm32f1xx_ll_fsmc.o
        72         16         24          4          0     536787   system_stm32f1xx.o

    ----------------------------------------------------------------------
     12684        614        360       3612       1484     650744   Object Totals
         0          0         32          0          0          0   (incl. Generated)
        28          0          0          1          0          0   (incl. Padding)

    ----------------------------------------------------------------------

      Code (inc. data)   RO Data    RW Data    ZI Data      Debug   Library Member Name

        94          0          0          0          0          0   __dclz77c.o
         0          0          0          0          0          0   entry.o
         0          0          0          0          0          0   entry10a.o
         0          0          0          0          0          0   entry11a.o
         8          4          0          0          0          0   entry2.o
         4          0          0          0          0          0   entry5.o
         0          0          0          0          0          0   entry7b.o
         0          0          0          0          0          0   entry8b.o
         8          4          0          0          0          0   entry9a.o
        30          0          0          0          0          0   handlers.o
        36          8          0          0          0         68   init.o
       246         10          0          0          0        176   printf2.o
        36         10          0          4          0        136   rand.o
         0          0          0          4          0          0   stdout.o

    ----------------------------------------------------------------------
       464         36          0          8          0        380   Library Totals
         2          0          0          0          0          0   (incl. Padding)

    ----------------------------------------------------------------------

      Code (inc. data)   RO Data    RW Data    ZI Data      Debug   Library Name

       462         36          0          8          0        380   mc_w.l

    ----------------------------------------------------------------------
       464         36          0          8          0        380   Library Totals

    ----------------------------------------------------------------------

==============================================================================


      Code (inc. data)   RO Data    RW Data    ZI Data      Debug   

     13148        650        360       3620       1484     646052   Grand Totals
     13148        650        360       1112       1484     646052   ELF Image Totals (compressed)
     13148        650        360       1112          0          0   ROM Totals

==============================================================================

    Total RO  Size (Code + RO Data)                13508 (  13.19kB)
    Total RW  Size (RW Data + ZI Data)              5104 (   4.98kB)
    Total ROM Size (Code + RO Data + RW Data)      14620 (  14.28kB)

==============================================================================

